Component: ARM Compiler 5.06 update 6 (build 750) Tool: armlink [4d35ed]

==============================================================================

Section Cross References

    startup_stm32f100xb.o(STACK) refers (Special) to heapauxi.o(.text) for __use_two_region_memory
    startup_stm32f100xb.o(HEAP) refers (Special) to heapauxi.o(.text) for __use_two_region_memory
    startup_stm32f100xb.o(RESET) refers (Special) to heapauxi.o(.text) for __use_two_region_memory
    startup_stm32f100xb.o(RESET) refers to startup_stm32f100xb.o(STACK) for __initial_sp
    startup_stm32f100xb.o(RESET) refers to startup_stm32f100xb.o(.text) for Reset_Handler
    startup_stm32f100xb.o(RESET) refers to stm32f1xx_it.o(i.NMI_Handler) for NMI_Handler
    startup_stm32f100xb.o(RESET) refers to stm32f1xx_it.o(i.HardFault_Handler) for HardFault_Handler
    startup_stm32f100xb.o(RESET) refers to stm32f1xx_it.o(i.MemManage_Handler) for MemManage_Handler
    startup_stm32f100xb.o(RESET) refers to stm32f1xx_it.o(i.BusFault_Handler) for BusFault_Handler
    startup_stm32f100xb.o(RESET) refers to stm32f1xx_it.o(i.UsageFault_Handler) for UsageFault_Handler
    startup_stm32f100xb.o(RESET) refers to stm32f1xx_it.o(i.SVC_Handler) for SVC_Handler
    startup_stm32f100xb.o(RESET) refers to stm32f1xx_it.o(i.DebugMon_Handler) for DebugMon_Handler
    startup_stm32f100xb.o(RESET) refers to stm32f1xx_it.o(i.PendSV_Handler) for PendSV_Handler
    startup_stm32f100xb.o(RESET) refers to stm32f1xx_it.o(i.SysTick_Handler) for SysTick_Handler
    startup_stm32f100xb.o(RESET) refers to stm32f1xx_it.o(i.DMA1_Channel5_IRQHandler) for DMA1_Channel5_IRQHandler
    startup_stm32f100xb.o(RESET) refers to stm32f1xx_it.o(i.USART1_IRQHandler) for USART1_IRQHandler
    startup_stm32f100xb.o(.text) refers (Special) to heapauxi.o(.text) for __use_two_region_memory
    startup_stm32f100xb.o(.text) refers to system_stm32f1xx.o(i.SystemInit) for SystemInit
    startup_stm32f100xb.o(.text) refers to __main.o(!!!main) for __main
    startup_stm32f100xb.o(.text) refers to startup_stm32f100xb.o(HEAP) for Heap_Mem
    startup_stm32f100xb.o(.text) refers to startup_stm32f100xb.o(STACK) for Stack_Mem
    main.o(i.HAL_UARTEx_RxEventCallback) refers to rt_memcpy_v6.o(.text) for __aeabi_memcpy
    main.o(i.HAL_UARTEx_RxEventCallback) refers to stm32f1xx_hal_uart.o(i.HAL_UARTEx_ReceiveToIdle_DMA) for HAL_UARTEx_ReceiveToIdle_DMA
    main.o(i.HAL_UARTEx_RxEventCallback) refers to main.o(.bss) for .bss
    main.o(i.HAL_UARTEx_RxEventCallback) refers to main.o(.data) for .data
    main.o(i.MX_GPIO_Init) refers to stm32f1xx_hal_gpio.o(i.HAL_GPIO_WritePin) for HAL_GPIO_WritePin
    main.o(i.MX_GPIO_Init) refers to stm32f1xx_hal_gpio.o(i.HAL_GPIO_Init) for HAL_GPIO_Init
    main.o(i.MX_TIM2_Init) refers to rt_memclr_w.o(.text) for __aeabi_memclr4
    main.o(i.MX_TIM2_Init) refers to stm32f1xx_hal_tim.o(i.HAL_TIM_Base_Init) for HAL_TIM_Base_Init
    main.o(i.MX_TIM2_Init) refers to stm32f1xx_hal_tim.o(i.HAL_TIM_ConfigClockSource) for HAL_TIM_ConfigClockSource
    main.o(i.MX_TIM2_Init) refers to stm32f1xx_hal_tim.o(i.HAL_TIM_PWM_Init) for HAL_TIM_PWM_Init
    main.o(i.MX_TIM2_Init) refers to stm32f1xx_hal_tim_ex.o(i.HAL_TIMEx_MasterConfigSynchronization) for HAL_TIMEx_MasterConfigSynchronization
    main.o(i.MX_TIM2_Init) refers to stm32f1xx_hal_tim.o(i.HAL_TIM_PWM_ConfigChannel) for HAL_TIM_PWM_ConfigChannel
    main.o(i.MX_TIM2_Init) refers to stm32f1xx_hal_msp.o(i.HAL_TIM_MspPostInit) for HAL_TIM_MspPostInit
    main.o(i.MX_TIM2_Init) refers to main.o(.bss) for .bss
    main.o(i.SystemClock_Config) refers to rt_memclr_w.o(.text) for __aeabi_memclr4
    main.o(i.SystemClock_Config) refers to stm32f1xx_hal_rcc.o(i.HAL_RCC_OscConfig) for HAL_RCC_OscConfig
    main.o(i.SystemClock_Config) refers to stm32f1xx_hal_rcc.o(i.HAL_RCC_ClockConfig) for HAL_RCC_ClockConfig
    main.o(i.main) refers to scanf1.o(x$fpl$scanf1) for _scanf_real
    main.o(i.main) refers to stm32f1xx_hal.o(i.HAL_Init) for HAL_Init
    main.o(i.main) refers to main.o(i.SystemClock_Config) for SystemClock_Config
    main.o(i.main) refers to main.o(i.MX_GPIO_Init) for MX_GPIO_Init
    main.o(i.main) refers to stm32f1xx_hal_cortex.o(i.HAL_NVIC_SetPriority) for HAL_NVIC_SetPriority
    main.o(i.main) refers to stm32f1xx_hal_cortex.o(i.HAL_NVIC_EnableIRQ) for HAL_NVIC_EnableIRQ
    main.o(i.main) refers to stm32f1xx_hal_uart.o(i.HAL_UART_Init) for HAL_UART_Init
    main.o(i.main) refers to main.o(i.MX_TIM2_Init) for MX_TIM2_Init
    main.o(i.main) refers to stm32f1xx_hal_uart.o(i.HAL_UARTEx_ReceiveToIdle_DMA) for HAL_UARTEx_ReceiveToIdle_DMA
    main.o(i.main) refers to stm32f1xx_hal_tim.o(i.HAL_TIM_PWM_Start) for HAL_TIM_PWM_Start
    main.o(i.main) refers to __0sscanf.o(.text) for __0sscanf
    main.o(i.main) refers to ddiv.o(x$fpl$ddiv) for __aeabi_ddiv
    main.o(i.main) refers to daddsub_clz.o(x$fpl$dsub) for __aeabi_dsub
    main.o(i.main) refers to dfix.o(x$fpl$dfix) for __aeabi_d2iz
[...]
    ..\Drivers\STM32F1xx_HAL_Driver\Src\stm32f1xx_hal_flash.c 0x00000000   Number         0  stm32f1xx_hal_flash.o ABSOLUTE
    ..\Drivers\STM32F1xx_HAL_Driver\Src\stm32f1xx_hal_flash_ex.c 0x00000000   Number         0  stm32f1xx_hal_flash_ex.o ABSOLUTE
    ..\Drivers\STM32F1xx_HAL_Driver\Src\stm32f1xx_hal_gpio.c 0x00000000   Number         0  stm32f1xx_hal_gpio.o ABSOLUTE
    ..\Drivers\STM32F1xx_HAL_Driver\Src\stm32f1xx_hal_gpio_ex.c 0x00000000   Number         0  stm32f1xx_hal_gpio_ex.o ABSOLUTE
    ..\Drivers\STM32F1xx_HAL_Driver\Src\stm32f1xx_hal_pwr.c 0x00000000   Number         0  stm32f1xx_hal_pwr.o ABSOLUTE
    ..\Drivers\STM32F1xx_HAL_Driver\Src\stm32f1xx_hal_rcc.c 0x00000000   Number         0  stm32f1xx_hal_rcc.o ABSOLUTE
    ..\Drivers\STM32F1xx_HAL_Driver\Src\stm32f1xx_hal_rcc_ex.c 0x00000000   Number         0  stm32f1xx_hal_rcc_ex.o ABSOLUTE
    ..\Drivers\STM32F1xx_HAL_Driver\Src\stm32f1xx_hal_tim.c 0x00000000   Number         0  stm32f1xx_hal_tim.o ABSOLUTE
    ..\Drivers\STM32F1xx_HAL_Driver\Src\stm32f1xx_hal_tim_ex.c 0x00000000   Number         0  stm32f1xx_hal_tim_ex.o ABSOLUTE
    ..\Drivers\STM32F1xx_HAL_Driver\Src\stm32f1xx_hal_uart.c 0x00000000   Number         0  stm32f1xx_hal_uart.o ABSOLUTE
    dc.s                                     0x00000000   Number         0  dc.o ABSOLUTE
    startup_stm32f100xb.s                    0x00000000   Number         0  startup_stm32f100xb.o ABSOLUTE
    RESET                                    0x08000000   Section      288  startup_stm32f100xb.o(RESET)
    !!!main                                  0x08000120   Section        8  __main.o(!!!main)
    !!!scatter                               0x08000128   Section       52  __scatter.o(!!!scatter)
    !!handler_copy                           0x0800015c   Section       26  __scatter_copy.o(!!handler_copy)
    !!handler_zi                             0x08000178   Section       28  __scatter_zi.o(!!handler_zi)
    .ARM.Collect$$libinit$$00000000          0x08000194   Section        2  libinit.o(.ARM.Collect$$libinit$$00000000)
    .ARM.Collect$$libinit$$00000002          0x08000196   Section        0  libinit2.o(.ARM.Collect$$libinit$$00000002)
    .ARM.Collect$$libinit$$00000004          0x08000196   Section        0  libinit2.o(.ARM.Collect$$libinit$$00000004)
    .ARM.Collect$$libinit$$0000000A          0x08000196   Section        0  libinit2.o(.ARM.Collect$$libinit$$0000000A)
    .ARM.Collect$$libinit$$0000000C          0x08000196   Section        0  libinit2.o(.ARM.Collect$$libinit$$0000000C)
    .ARM.Collect$$libinit$$0000000E          0x08000196   Section        0  libinit2.o(.ARM.Collect$$libinit$$0000000E)
    .ARM.Collect$$libinit$$0000000F          0x08000196   Section        6  libinit2.o(.ARM.Collect$$libinit$$0000000F)
    .ARM.Collect$$libinit$$00000011          0x0800019c   Section        0  libinit2.o(.ARM.Collect$$libinit$$00000011)
    .ARM.Collect$$libinit$$00000012          0x0800019c   Section       12  libinit2.o(.ARM.Collect$$libinit$$00000012)
    .ARM.Collect$$libinit$$00000013          0x080001a8   Section        0  libinit2.o(.ARM.Collect$$libinit$$00000013)
    .ARM.Collect$$libinit$$00000015          0x080001a8   Section        0  libinit2.o(.ARM.Collect$$libinit$$00000015)
    .ARM.Collect$$libinit$$00000016          0x080001a8   Section       10  libinit2.o(.ARM.Collect$$libinit$$00000016)
    .ARM.Collect$$libinit$$00000017          0x080001b2   Section        0  libinit2.o(.ARM.Collect$$libinit$$00000017)
    .ARM.Collect$$libinit$$00000019          0x080001b2   Section        0  libinit2.o(.ARM.Collect$$libinit$$00000019)
    .ARM.Collect$$libinit$$0000001B          0x080001b2   Section        0  libinit2.o(.ARM.Collect$$libinit$$0000001B)
    .ARM.Collect$$libinit$$0000001D          0x080001b2   Section        0  libinit2.o(.ARM.Collect$$libinit$$0000001D)
    .ARM.Collect$$libinit$$0000001F          0x080001b2   Section        0  libinit2.o(.ARM.Collect$$libinit$$0000001F)
    .ARM.Collect$$libinit$$00000021          0x080001b2   Section        0  libinit2.o(.ARM.Collect$$libinit$$00000021)
    .ARM.Collect$$libinit$$00000023          0x080001b2   Section        0  libinit2.o(.ARM.Collect$$libinit$$00000023)
    .ARM.Collect$$libinit$$00000025          0x080001b2   Section        0  libinit2.o(.ARM.Collect$$libinit$$00000025)
    .ARM.Collect$$libinit$$0000002C          0x080001b2   Section        0  libinit2.o(.ARM.Collect$$libinit$$0000002C)
    .ARM.Collect$$libinit$$0000002E          0x080001b2   Section        0  libinit2.o(.ARM.Collect$$libinit$$0000002E)
    .ARM.Collect$$libinit$$00000030          0x080001b2   Section        0  libinit2.o(.ARM.Collect$$libinit$$00000030)
    .ARM.Collect$$libinit$$00000032          0x080001b2   Section        0  libinit2.o(.ARM.Collect$$libinit$$00000032)
    .ARM.Collect$$libinit$$00000033          0x080001b2   Section        2  libinit2.o(.ARM.Collect$$libinit$$00000033)
    .ARM.Collect$$libshutdown$$00000000      0x080001b4   Section        2  libshutdown.o(.ARM.Collect$$libshutdown$$00000000)
    .ARM.Collect$$libshutdown$$00000002      0x080001b6   Section        0  libshutdown2.o(.ARM.Collect$$libshutdown$$00000002)
    .ARM.Collect$$libshutdown$$00000004      0x080001b6   Section        0  libshutdown2.o(.ARM.Collect$$libshutdown$$00000004)
    .ARM.Collect$$libshutdown$$00000007      0x080001b6   Section        0  libshutdown2.o(.ARM.Collect$$libshutdown$$00000007)
    .ARM.Collect$$libshutdown$$0000000A      0x080001b6   Section        0  libshutdown2.o(.ARM.Collect$$libshutdown$$0000000A)
    .ARM.Collect$$libshutdown$$0000000C      0x080001b6   Section        0  libshutdown2.o(.ARM.Collect$$libshutdown$$0000000C)
    .ARM.Collect$$libshutdown$$0000000F      0x080001b6   Section        0  libshutdown2.o(.ARM.Collect$$libshutdown$$0000000F)
    .ARM.Collect$$libshutdown$$00000010      0x080001b6   Section        2  libshutdown2.o(.ARM.Collect$$libshutdown$$00000010)
    .ARM.Collect$$rtentry$$00000000          0x080001b8   Section        0  __rtentry.o(.ARM.Collect$$rtentry$$00000000)
    .ARM.Collect$$rtentry$$00000002          0x080001b8   Section        0  __rtentry2.o(.ARM.Collect$$rtentry$$00000002)
    .ARM.Collect$$rtentry$$00000004          0x080001b8   Section        6  __rtentry4.o(.ARM.Collect$$rtentry$$00000004)
    .ARM.Collect$$rtentry$$00000009          0x080001be   Section        0  __rtentry2.o(.ARM.Collect$$rtentry$$00000009)
    .ARM.Collect$$rtentry$$0000000A          0x080001be   Section        4  __rtentry2.o(.ARM.Collect$$rtentry$$0000000A)
    .ARM.Collect$$rtentry$$0000000C          0x080001c2   Section        0  __rtentry2.o(.ARM.Collect$$rtentry$$0000000C)
    .ARM.Collect$$rtentry$$0000000D          0x080001c2   Section        8  __rtentry2.o(.ARM.Collect$$rtentry$$0000000D)
    .ARM.Collect$$rtexit$$00000000           0x080001ca   Section        2  rtexit.o(.ARM.Collect$$rtexit$$00000000)
    .ARM.Collect$$rtexit$$00000002           0x080001cc   Section        0  rtexit2.o(.ARM.Collect$$rtexit$$00000002)
    .ARM.Collect$$rtexit$$00000003           0x080001cc   Section        4  rtexit2.o(.ARM.Collect$$rtexit$$00000003)
    .ARM.Collect$$rtexit$$00000004           0x080001d0   Section        6  rtexit2.o(.ARM.Collect$$rtexit$$00000004)
    .text                                    0x080001d8   Section       64  startup_stm32f100xb.o(.text)
    .text                                    0x08000218   Section        0  __0sscanf.o(.text)
    .text                                    0x08000254   Section      138  rt_memcpy_v6.o(.text)
    .text                                    0x080002de   Section       78  rt_memclr_w.o(.text)
    .text                                    0x0800032c   Section        0  heapauxi.o(.text)
    .text                                    0x08000334   Section        0  scanf_fp.o(.text)
    _fp_value                                0x08000335   Thumb Code   588  scanf_fp.o(.text)
    .text                                    0x0800082c   Section        0  scanf_char.o(.text)
    _scanf_char_input                        0x0800082d   Thumb Code    12  scanf_char.o(.text)
    .text                                    0x08000858   Section        0  _sgetc.o(.text)
    .text                                    0x08000898   Section      100  rt_memcpy_w.o(.text)
    .text                                    0x080008fc   Section        8  rt_locale_intlibspace.o(.text)
    .text                                    0x08000904   Section        8  rt_errno_addr_intlibspace.o(.text)
    .text                                    0x0800090c   Section        0  isspace.o(.text)
    .text                                    0x08000920   Section        0  _scanf.o(.text)
    .text                                    0x08000c94   Section        0  bigflt0.o(.text)
    .text                                    0x08000d78   Section        8  libspace.o(.text)
    .text                                    0x08000d80   Section       74  sys_stackheap_outer.o(.text)
    .text                                    0x08000dcc   Section       16  rt_ctype_table.o(.text)
    .text                                    0x08000ddc   Section        0  _rserrno.o(.text)
    .text                                    0x08000df4   Section        0  scanf_hexfp.o(.text)
    .text                                    0x08001114   Section        0  scanf_infnan.o(.text)
    .text                                    0x08001248   Section        0  exit.o(.text)
    .text                                    0x0800125c   Section      128  strcmpv7m.o(.text)
    .text                                    0x080012dc   Section       38  llshl.o(.text)
    .text                                    0x08001302   Section        0  _chval.o(.text)
    .text                                    0x08001320   Section        0  sys_exit.o(.text)
    .text                                    0x0800132c   Section        2  use_no_semi.o(.text)
    .text                                    0x0800132e   Section        0  indicate_semi.o(.text)
    CL$$btod_div_common                      0x0800132e   Section      824  btod.o(CL$$btod_div_common)
    CL$$btod_e2d                             0x08001668   Section      132  btod.o(CL$$btod_e2d)
    CL$$btod_e2e                             0x080016ec   Section      220  btod.o(CL$$btod_e2e)
    CL$$btod_ediv                            0x080017c8   Section       42  btod.o(CL$$btod_ediv)
    CL$$btod_edivd                           0x080017f2   Section       42  btod.o(CL$$btod_edivd)
    CL$$btod_emul                            0x0800181c   Section       42  btod.o(CL$$btod_emul)
    CL$$btod_emuld                           0x08001846   Section       42  btod.o(CL$$btod_emuld)
    CL$$btod_mult_common                     0x08001870   Section      580  btod.o(CL$$btod_mult_common)
    i.BusFault_Handler                       0x08001ab4   Section        0  stm32f1xx_it.o(i.BusFault_Handler)
    i.DMA1_Channel5_IRQHandler               0x08001ab8   Section        0  stm32f1xx_it.o(i.DMA1_Channel5_IRQHandler)
    i.DMA_SetConfig                          0x08001ac4   Section        0  stm32f1xx_hal_dma.o(i.DMA_SetConfig)
    DMA_SetConfig                            0x08001ac5   Thumb Code    42  stm32f1xx_hal_dma.o(i.DMA_SetConfig)
    i.DebugMon_Handler                       0x08001aee   Section        0  stm32f1xx_it.o(i.DebugMon_Handler)
    i.Error_Handler                          0x08001af0   Section        0  main.o(i.Error_Handler)
    i.HAL_DMA_Abort                          0x08001af4   Section        0  stm32f1xx_hal_dma.o(i.HAL_DMA_Abort)
    i.HAL_DMA_Abort_IT                       0x08001b3c   Section        0  stm32f1xx_hal_dma.o(i.HAL_DMA_Abort_IT)
    i.HAL_DMA_IRQHandler                     0x08001bd4   Section        0  stm32f1xx_hal_dma.o(i.HAL_DMA_IRQHandler)
    i.HAL_DMA_Init                           0x08001d28   Section        0  stm32f1xx_hal_dma.o(i.HAL_DMA_Init)
    i.HAL_DMA_Start_IT                       0x08001d84   Section        0  stm32f1xx_hal_dma.o(i.HAL_DMA_Start_IT)
    i.HAL_GPIO_Init                          0x08001df4   Section        0  stm32f1xx_hal_gpio.o(i.HAL_GPIO_Init)
    i.HAL_GPIO_WritePin                      0x08001fd4   Section        0  stm32f1xx_hal_gpio.o(i.HAL_GPIO_WritePin)
    i.HAL_GetTick                            0x08001fe0   Section        0  stm32f1xx_hal.o(i.HAL_GetTick)
    i.HAL_IncTick                            0x08001fec   Section        0  stm32f1xx_hal.o(i.HAL_IncTick)
    i.HAL_Init                               0x08001ffc   Section        0  stm32f1xx_hal.o(i.HAL_Init)
    i.HAL_InitTick                           0x08002014   Section        0  stm32f1xx_hal.o(i.HAL_InitTick)
    i.HAL_MspInit                            0x08002054   Section        0  stm32f1xx_hal_msp.o(i.HAL_MspInit)
    i.HAL_NVIC_EnableIRQ                     0x08002090   Section        0  stm32f1xx_hal_cortex.o(i.HAL_NVIC_EnableIRQ)
    i.HAL_NVIC_SetPriority                   0x080020ac   Section        0  stm32f1xx_hal_cortex.o(i.HAL_NVIC_SetPriority)
    i.HAL_NVIC_SetPriorityGrouping           0x080020ec   Section        0  stm32f1xx_hal_cortex.o(i.HAL_NVIC_SetPriorityGrouping)
    i.HAL_RCC_ClockConfig                    0x08002110   Section        0  stm32f1xx_hal_rcc.o(i.HAL_RCC_ClockConfig)
    i.HAL_RCC_GetPCLK1Freq                   0x080021f8   Section        0  stm32f1xx_hal_rcc.o(i.HAL_RCC_GetPCLK1Freq)
    i.HAL_RCC_GetPCLK2Freq                   0x08002218   Section        0  stm32f1xx_hal_rcc.o(i.HAL_RCC_GetPCLK2Freq)
    i.HAL_RCC_GetSysClockFreq                0x08002238   Section        0  stm32f1xx_hal_rcc.o(i.HAL_RCC_GetSysClockFreq)
    i.HAL_RCC_OscConfig                      0x080022b4   Section        0  stm32f1xx_hal_rcc.o(i.HAL_RCC_OscConfig)
    i.HAL_SYSTICK_Config                     0x080025d4   Section        0  stm32f1xx_hal_cortex.o(i.HAL_SYSTICK_Config)
    i.HAL_TIMEx_MasterConfigSynchronization  0x080025fc   Section        0  stm32f1xx_hal_tim_ex.o(i.HAL_TIMEx_MasterConfigSynchronization)
    i.HAL_TIM_Base_Init                      0x08002670   Section        0  stm32f1xx_hal_tim.o(i.HAL_TIM_Base_Init)
    i.HAL_TIM_Base_MspInit                   0x080026cc   Section        0  stm32f1xx_hal_msp.o(i.HAL_TIM_Base_MspInit)
    i.HAL_TIM_ConfigClockSource              0x080026f0   Section        0  stm32f1xx_hal_tim.o(i.HAL_TIM_ConfigClockSource)
    i.HAL_TIM_MspPostInit                    0x080027c8   Section        0  stm32f1xx_hal_msp.o(i.HAL_TIM_MspPostInit)
    i.HAL_TIM_PWM_ConfigChannel              0x08002810   Section        0  stm32f1xx_hal_tim.o(i.HAL_TIM_PWM_ConfigChannel)
    i.HAL_TIM_PWM_Init                       0x080028d6   Section        0  stm32f1xx_hal_tim.o(i.HAL_TIM_PWM_Init)
    i.HAL_TIM_PWM_MspInit                    0x08002930   Section        0  stm32f1xx_hal_tim.o(i.HAL_TIM_PWM_MspInit)
    i.HAL_TIM_PWM_Start                      0x08002934   Section        0  stm32f1xx_hal_tim.o(i.HAL_TIM_PWM_Start)
    i.HAL_UARTEx_ReceiveToIdle_DMA           0x080029f4   Section        0  stm32f1xx_hal_uart.o(i.HAL_UARTEx_ReceiveToIdle_DMA)
    i.HAL_UARTEx_RxEventCallback             0x08002a40   Section        0  main.o(i.HAL_UARTEx_RxEventCallback)
    i.HAL_UART_ErrorCallback                 0x08002a88   Section        0  stm32f1xx_hal_uart.o(i.HAL_UART_ErrorCallback)
    i.HAL_UART_IRQHandler                    0x08002a8c   Section        0  stm32f1xx_hal_uart.o(i.HAL_UART_IRQHandler)
    i.HAL_UART_Init                          0x08002c98   Section        0  stm32f1xx_hal_uart.o(i.HAL_UART_Init)
    i.HAL_UART_MspInit                       0x08002cfc   Section        0  stm32f1xx_hal_msp.o(i.HAL_UART_MspInit)
    i.HAL_UART_RxCpltCallback                0x08002dac   Section        0  stm32f1xx_hal_uart.o(i.HAL_UART_RxCpltCallback)
    i.HAL_UART_RxHalfCpltCallback            0x08002dae   Section        0  stm32f1xx_hal_uart.o(i.HAL_UART_RxHalfCpltCallback)
    i.HAL_UART_TxCpltCallback                0x08002db0   Section        0  stm32f1xx_hal_uart.o(i.HAL_UART_TxCpltCallback)
    i.HardFault_Handler                      0x08002db2   Section        0  stm32f1xx_it.o(i.HardFault_Handler)
    i.MX_GPIO_Init                           0x08002db4   Section        0  main.o(i.MX_GPIO_Init)
    MX_GPIO_Init                             0x08002db5   Thumb Code    98  main.o(i.MX_GPIO_Init)
    i.MX_TIM2_Init                           0x08002e20   Section        0  main.o(i.MX_TIM2_Init)
    MX_TIM2_Init                             0x08002e21   Thumb Code   148  main.o(i.MX_TIM2_Init)
    i.MemManage_Handler                      0x08002eb8   Section        0  stm32f1xx_it.o(i.MemManage_Handler)
    i.NMI_Handler                            0x08002eba   Section        0  stm32f1xx_it.o(i.NMI_Handler)
    i.PendSV_Handler                         0x08002ebc   Section        0  stm32f1xx_it.o(i.PendSV_Handler)
    i.SVC_Handler                            0x08002ebe   Section        0  stm32f1xx_it.o(i.SVC_Handler)
    i.SysTick_Handler                        0x08002ec0   Section        0  stm32f1xx_it.o(i.SysTick_Handler)
    i.SystemClock_Config                     0x08002ec4   Section        0  main.o(i.SystemClock_Config)
    i.SystemInit                             0x08002f1a   Section        0  system_stm32f1xx.o(i.SystemInit)
    i.TIM_Base_SetConfig                     0x08002f1c   Section        0  stm32f1xx_hal_tim.o(i.TIM_Base_SetConfig)
    i.TIM_CCxChannelCmd                      0x08002fb4   Section        0  stm32f1xx_hal_tim.o(i.TIM_CCxChannelCmd)
    i.TIM_ETR_SetConfig                      0x08002fce   Section        0  stm32f1xx_hal_tim.o(i.TIM_ETR_SetConfig)
    i.TIM_ITRx_SetConfig                     0x08002fe2   Section        0  stm32f1xx_hal_tim.o(i.TIM_ITRx_SetConfig)
    TIM_ITRx_SetConfig                       0x08002fe3   Thumb Code    16  stm32f1xx_hal_tim.o(i.TIM_ITRx_SetConfig)
    i.TIM_OC1_SetConfig                      0x08002ff4   Section        0  stm32f1xx_hal_tim.o(i.TIM_OC1_SetConfig)
    TIM_OC1_SetConfig                        0x08002ff5   Thumb Code   112  stm32f1xx_hal_tim.o(i.TIM_OC1_SetConfig)
    i.TIM_OC2_SetConfig                      0x08003074   Section        0  stm32f1xx_hal_tim.o(i.TIM_OC2_SetConfig)
    i.TIM_OC3_SetConfig                      0x080030ec   Section        0  stm32f1xx_hal_tim.o(i.TIM_OC3_SetConfig)
    TIM_OC3_SetConfig                        0x080030ed   Thumb Code   102  stm32f1xx_hal_tim.o(i.TIM_OC3_SetConfig)
    i.TIM_OC4_SetConfig                      0x08003164   Section        0  stm32f1xx_hal_tim.o(i.TIM_OC4_SetConfig)
    TIM_OC4_SetConfig                        0x08003165   Thumb Code    82  stm32f1xx_hal_tim.o(i.TIM_OC4_SetConfig)
    i.TIM_TI1_ConfigInputStage               0x080031c8   Section        0  stm32f1xx_hal_tim.o(i.TIM_TI1_ConfigInputStage)
    TIM_TI1_ConfigInputStage                 0x080031c9   Thumb Code    34  stm32f1xx_hal_tim.o(i.TIM_TI1_ConfigInputStage)
    i.TIM_TI2_ConfigInputStage               0x080031ea   Section        0  stm32f1xx_hal_tim.o(i.TIM_TI2_ConfigInputStage)
    TIM_TI2_ConfigInputStage                 0x080031eb   Thumb Code    36  stm32f1xx_hal_tim.o(i.TIM_TI2_ConfigInputStage)
    i.UART_DMAAbortOnError                   0x0800320e   Section        0  stm32f1xx_hal_uart.o(i.UART_DMAAbortOnError)
    UART_DMAAbortOnError                     0x0800320f   Thumb Code    16  stm32f1xx_hal_uart.o(i.UART_DMAAbortOnError)
    i.UART_DMAError                          0x0800321e   Section        0  stm32f1xx_hal_uart.o(i.UART_DMAError)
    UART_DMAError                            0x0800321f   Thumb Code    74  stm32f1xx_hal_uart.o(i.UART_DMAError)
    i.UART_DMAReceiveCplt                    0x08003268   Section        0  stm32f1xx_hal_uart.o(i.UART_DMAReceiveCplt)
    UART_DMAReceiveCplt                      0x08003269   Thumb Code    90  stm32f1xx_hal_uart.o(i.UART_DMAReceiveCplt)
    i.UART_DMARxHalfCplt                     0x080032c2   Section        0  stm32f1xx_hal_uart.o(i.UART_DMARxHalfCplt)
    UART_DMARxHalfCplt                       0x080032c3   Thumb Code    26  stm32f1xx_hal_uart.o(i.UART_DMARxHalfCplt)
    i.UART_EndRxTransfer                     0x080032dc   Section        0  stm32f1xx_hal_uart.o(i.UART_EndRxTransfer)
    UART_EndRxTransfer                       0x080032dd   Thumb Code    48  stm32f1xx_hal_uart.o(i.UART_EndRxTransfer)
    i.UART_EndTxTransfer                     0x0800330c   Section        0  stm32f1xx_hal_uart.o(i.UART_EndTxTransfer)
    UART_EndTxTransfer                       0x0800330d   Thumb Code    18  stm32f1xx_hal_uart.o(i.UART_EndTxTransfer)
    i.UART_Receive_IT                        0x0800331e   Section        0  stm32f1xx_hal_uart.o(i.UART_Receive_IT)
    UART_Receive_IT                          0x0800331f   Thumb Code   182  stm32f1xx_hal_uart.o(i.UART_Receive_IT)
    i.UART_SetConfig                         0x080033d4   Section        0  stm32f1xx_hal_uart.o(i.UART_SetConfig)
    UART_SetConfig                           0x080033d5   Thumb Code   278  stm32f1xx_hal_uart.o(i.UART_SetConfig)
    i.UART_Start_Receive_DMA                 0x080034f0   Section        0  stm32f1xx_hal_uart.o(i.UART_Start_Receive_DMA)
    i.USART1_IRQHandler                      0x08003560   Section        0  stm32f1xx_it.o(i.USART1_IRQHandler)
    i.UsageFault_Handler                     0x0800356c   Section        0  stm32f1xx_it.o(i.UsageFault_Handler)
    i.__NVIC_SetPriority                     0x0800356e   Section        0  stm32f1xx_hal_cortex.o(i.__NVIC_SetPriority)
    __NVIC_SetPriority                       0x0800356f   Thumb Code    32  stm32f1xx_hal_cortex.o(i.__NVIC_SetPriority)
    i.__mathlib_dbl_overflow                 0x0800358e   Section        0  dunder.o(i.__mathlib_dbl_overflow)
    i.__mathlib_dbl_underflow                0x0800359c   Section        0  dunder.o(i.__mathlib_dbl_underflow)
    i.__mathlib_narrow                       0x080035ac   Section        0  narrow.o(i.__mathlib_narrow)
    i.__mathlib_tofloat                      0x080035bc   Section        0  narrow.o(i.__mathlib_tofloat)
    i.__support_ldexp                        0x08003678   Section        0  ldexp.o(i.__support_ldexp)
    i._is_digit                              0x0800368e   Section        0  scanf_fp.o(i._is_digit)
    i.frexp                                  0x0800369c   Section        0  frexp.o(i.frexp)
    i.ldexp                                  0x080036f4   Section        0  ldexp.o(i.ldexp)
    i.main                                   0x08003768   Section        0  main.o(i.main)
    locale$$code                             0x080038cc   Section       44  lc_numeric_c.o(locale$$code)
    locale$$code                             0x080038f8   Section       44  lc_ctype_c.o(locale$$code)
    x$fpl$d2f                                0x08003924   Section       98  d2f.o(x$fpl$d2f)
    x$fpl$dadd                               0x08003988   Section      336  daddsub_clz.o(x$fpl$dadd)
    _dadd1                                   0x08003999   Thumb Code     0  daddsub_clz.o(x$fpl$dadd)
    x$fpl$dcheck1                            0x08003ad8   Section       16  dcheck1.o(x$fpl$dcheck1)
    x$fpl$dcmpinf                            0x08003ae8   Section       24  dcmpi.o(x$fpl$dcmpinf)
    x$fpl$ddiv                               0x08003b00   Section      688  ddiv.o(x$fpl$ddiv)
    ddiv_entry                               0x08003b07   Thumb Code     0  ddiv.o(x$fpl$ddiv)
    x$fpl$deqf                               0x08003db0   Section      120  deqf.o(x$fpl$deqf)
    x$fpl$dfix                               0x08003e28   Section       94  dfix.o(x$fpl$dfix)
    x$fpl$dfixu                              0x08003e88   Section       90  dfixu.o(x$fpl$dfixu)
    x$fpl$dflt                               0x08003ee2   Section       46  dflt_clz.o(x$fpl$dflt)
    x$fpl$dleqf                              0x08003f10   Section      120  dleqf.o(x$fpl$dleqf)
    x$fpl$dmul                               0x08003f88   Section      340  dmul.o(x$fpl$dmul)
    x$fpl$dnaninf                            0x080040dc   Section      156  dnaninf.o(x$fpl$dnaninf)
    x$fpl$dretinf                            0x08004178   Section       12  dretinf.o(x$fpl$dretinf)
    x$fpl$drleqf                             0x08004184   Section      108  drleqf.o(x$fpl$drleqf)
    x$fpl$dsub                               0x080041f0   Section      468  daddsub_clz.o(x$fpl$dsub)
    _dsub1                                   0x08004201   Thumb Code     0  daddsub_clz.o(x$fpl$dsub)
    x$fpl$fretinf                            0x080043c4   Section       10  fretinf.o(x$fpl$fretinf)
    x$fpl$ieeestatus                         0x080043ce   Section        6  istatus.o(x$fpl$ieeestatus)
    x$fpl$retnan                             0x080043d4   Section      100  retnan.o(x$fpl$retnan)
    x$fpl$scalbn                             0x08004438   Section       92  scalbn.o(x$fpl$scalbn)
    x$fpl$scanf1                             0x08004494   Section        4  scanf1.o(x$fpl$scanf1)
    x$fpl$scanf2                             0x08004498   Section        8  scanf2.o(x$fpl$scanf2)
    x$fpl$trapveneer                         0x080044a0   Section       48  trapv.o(x$fpl$trapveneer)
    .constdata                               0x080044d0   Section       16  system_stm32f1xx.o(.constdata)
    x$fpl$usenofp                            0x080044d0   Section        0  usenofp.o(x$fpl$usenofp)
    .constdata                               0x080044e0   Section        8  system_stm32f1xx.o(.constdata)
    .constdata                               0x080044e8   Section      148  bigflt0.o(.constdata)
    tenpwrs_x                                0x080044e8   Data          60  bigflt0.o(.constdata)
    tenpwrs_i                                0x08004524   Data          64  bigflt0.o(.constdata)
    c$$dinf                                  0x0800459c   Section        8  fpconst.o(c$$dinf)
    c$$dmax                                  0x080045a4   Section        8  fpconst.o(c$$dmax)
    locale$$data                             0x080045ac   Section       28  lc_numeric_c.o(locale$$data)
    __lcnum_c_name                           0x080045b0   Data           2  lc_numeric_c.o(locale$$data)
    __lcnum_c_start                          0x080045b8   Data           0  lc_numeric_c.o(locale$$data)
    __lcnum_c_point                          0x080045c4   Data           0  lc_numeric_c.o(locale$$data)
    __lcnum_c_thousands                      0x080045c6   Data           0  lc_numeric_c.o(locale$$data)
    __lcnum_c_grouping                       0x080045c7   Data           0  lc_numeric_c.o(locale$$data)
    locale$$data                             0x080045c8   Section      272  lc_ctype_c.o(locale$$data)
    __lcnum_c_end                            0x080045c8   Data           0  lc_numeric_c.o(locale$$data)
    __lcctype_c_name                         0x080045cc   Data           2  lc_ctype_c.o(locale$$data)
    __lcctype_c_start                        0x080045d4   Data           0  lc_ctype_c.o(locale$$data)
    __lcctype_c_end                          0x080046d8   Data           0  lc_ctype_c.o(locale$$data)
    .data                                    0x20000000   Section       40  main.o(.data)
    .data                                    0x20000028   Section       12  stm32f1xx_hal.o(.data)
    .data                                    0x20000034   Section        4  system_stm32f1xx.o(.data)
    .bss                                     0x20000038   Section      238  main.o(.bss)
    .bss                                     0x20000128   Section       96  libspace.o(.bss)
    HEAP                                     0x20000188   Section      512  startup_stm32f100xb.o(HEAP)
    Heap_Mem                                 0x20000188   Data         512  startup_stm32f100xb.o(HEAP)
    STACK                                    0x20000388   Section     1024  startup_stm32f100xb.o(STACK)
    Stack_Mem                                0x20000388   Data        1024  startup_stm32f100xb.o(STACK)
    __initial_sp                             0x20000788   Data           0  startup_stm32f100xb.o(STACK)

    Global Symbols

    Symbol Name                              Value     Ov Type        Size  Object(Section)

    BuildAttributes$$THM_ISAv4$P$D$K$B$S$PE$A:L22UL41UL21$X:L11$S22US41US21$IEEE1$IW$USESV6$~STKCKD$USESV7$~SHL$OTIME$ROPI$IEEEX$EBA8$UX$STANDARDLIB$REQ8$PRES8$EABIv2 0x00000000   Number         0  anon$$obj.o ABSOLUTE
    __ARM_use_no_argv                        0x00000000   Number         0  main.o ABSOLUTE
    __ARM_exceptions_init                     - Undefined Weak Reference
    __alloca_initialize                       - Undefined Weak Reference
    __arm_preinit_                            - Undefined Weak Reference
    __cpp_initialize__aeabi_                  - Undefined Weak Reference
    __cxa_finalize                            - Undefined Weak Reference
    __sigvec_lookup                           - Undefined Weak Reference
    _atexit_init                              - Undefined Weak Reference
    _call_atexit_fns                          - Undefined Weak Reference
    _clock_init                               - Undefined Weak Reference
    _fp_trap_init                             - Undefined Weak Reference
    _fp_trap_shutdown                         - Undefined Weak Reference
    _get_lc_collate                           - Undefined Weak Reference
    _get_lc_monetary                          - Undefined Weak Reference
    _get_lc_time                              - Undefined Weak Reference
    _getenv_init                              - Undefined Weak Reference
    _handle_redirection                       - Undefined Weak Reference
    _init_alloc                               - Undefined Weak Reference
    _init_user_alloc                          - Undefined Weak Reference
    _initio                                   - Undefined Weak Reference
    _rand_init                                - Undefined Weak Reference
    _scanf_int                                - Undefined Weak Reference
    _scanf_longlong                           - Undefined Weak Reference
    _scanf_mbtowc                             - Undefined Weak Reference
    _scanf_string                             - Undefined Weak Reference
    _scanf_wctomb                             - Undefined Weak Reference
    _scanf_wstring                            - Undefined Weak Reference
    _signal_finish                            - Undefined Weak Reference
    _signal_init                              - Undefined Weak Reference
    _terminate_alloc                          - Undefined Weak Reference
    _terminate_user_alloc                     - Undefined Weak Reference
    _terminateio                              - Undefined Weak Reference
    __Vectors_Size                           0x00000120   Number         0  startup_stm32f100xb.o ABSOLUTE
    __Vectors                                0x08000000   Data           4  startup_stm32f100xb.o(RESET)
    __Vectors_End                            0x08000120   Data           0  startup_stm32f100xb.o(RESET)
    __main                                   0x08000121   Thumb Code     8  __main.o(!!!main)
    __scatterload                            0x08000129   Thumb Code     0  __scatter.o(!!!scatter)
    __scatterload_rt2                        0x08000129   Thumb Code    44  __scatter.o(!!!scatter)
    __scatterload_rt2_thumb_only             0x08000129   Thumb Code     0  __scatter.o(!!!scatter)
    __scatterload_null                       0x08000137   Thumb Code     0  __scatter.o(!!!scatter)
    __scatterload_copy                       0x0800015d   Thumb Code    26  __scatter_copy.o(!!handler_copy)
    __scatterload_zeroinit                   0x08000179   Thumb Code    28  __scatter_zi.o(!!handler_zi)
    __rt_lib_init                            0x08000195   Thumb Code     0  libinit.o(.ARM.Collect$$libinit$$00000000)
    __rt_lib_init_fp_1                       0x08000197   Thumb Code     0  libinit2.o(.ARM.Collect$$libinit$$00000002)
    __rt_lib_init_heap_1                     0x08000197   Thumb Code     0  libinit2.o(.ARM.Collect$$libinit$$0000000A)
    __rt_lib_init_lc_common                  0x08000197   Thumb Code     0  libinit2.o(.ARM.Collect$$libinit$$0000000F)
    __rt_lib_init_preinit_1                  0x08000197   Thumb Code     0  libinit2.o(.ARM.Collect$$libinit$$00000004)
    __rt_lib_init_rand_1                     0x08000197   Thumb Code     0  libinit2.o(.ARM.Collect$$libinit$$0000000E)
    __rt_lib_init_user_alloc_1               0x08000197   Thumb Code     0  libinit2.o(.ARM.Collect$$libinit$$0000000C)
    __rt_lib_init_lc_collate_1               0x0800019d   Thumb Code     0  libinit2.o(.ARM.Collect$$libinit$$00000011)
    __rt_lib_init_lc_ctype_2                 0x0800019d   Thumb Code     0  libinit2.o(.ARM.Collect$$libinit$$00000012)
    __rt_lib_init_lc_ctype_1                 0x080001a9   Thumb Code     0  libinit2.o(.ARM.Collect$$libinit$$00000013)
    __rt_lib_init_lc_monetary_1              0x080001a9   Thumb Code     0  libinit2.o(.ARM.Collect$$libinit$$00000015)
    __rt_lib_init_lc_numeric_2               0x080001a9   Thumb Code     0  libinit2.o(.ARM.Collect$$libinit$$00000016)
    __rt_lib_init_alloca_1                   0x080001b3   Thumb Code     0  libinit2.o(.ARM.Collect$$libinit$$0000002E)
    __rt_lib_init_argv_1                     0x080001b3   Thumb Code     0  libinit2.o(.ARM.Collect$$libinit$$0000002C)
    __rt_lib_init_atexit_1                   0x080001b3   Thumb Code     0  libinit2.o(.ARM.Collect$$libinit$$0000001B)
    __rt_lib_init_clock_1                    0x080001b3   Thumb Code     0  libinit2.o(.ARM.Collect$$libinit$$00000021)
    __rt_lib_init_cpp_1                      0x080001b3   Thumb Code     0  libinit2.o(.ARM.Collect$$libinit$$00000032)
    __rt_lib_init_exceptions_1               0x080001b3   Thumb Code     0  libinit2.o(.ARM.Collect$$libinit$$00000030)
    __rt_lib_init_fp_trap_1                  0x080001b3   Thumb Code     0  libinit2.o(.ARM.Collect$$libinit$$0000001F)
    __rt_lib_init_getenv_1                   0x080001b3   Thumb Code     0  libinit2.o(.ARM.Collect$$libinit$$00000023)
    __rt_lib_init_lc_numeric_1               0x080001b3   Thumb Code     0  libinit2.o(.ARM.Collect$$libinit$$00000017)
    __rt_lib_init_lc_time_1                  0x080001b3   Thumb Code     0  libinit2.o(.ARM.Collect$$libinit$$00000019)
    __rt_lib_init_return                     0x080001b3   Thumb Code     0  libinit2.o(.ARM.Collect$$libinit$$00000033)
    __rt_lib_init_signal_1                   0x080001b3   Thumb Code     0  libinit2.o(.ARM.Collect$$libinit$$0000001D)
    __rt_lib_init_stdio_1                    0x080001b3   Thumb Code     0  libinit2.o(.ARM.Collect$$libinit$$00000025)
    __rt_lib_shutdown                        0x080001b5   Thumb Code     0  libshutdown.o(.ARM.Collect$$libshutdown$$00000000)
    __rt_lib_shutdown_cpp_1                  0x080001b7   Thumb Code     0  libshutdown2.o(.ARM.Collect$$libshutdown$$00000002)
    __rt_lib_shutdown_fp_trap_1              0x080001b7   Thumb Code     0  libshutdown2.o(.ARM.Collect$$libshutdown$$00000007)
    __rt_lib_shutdown_heap_1                 0x080001b7   Thumb Code     0  libshutdown2.o(.ARM.Collect$$libshutdown$$0000000F)
    __rt_lib_shutdown_return                 0x080001b7   Thumb Code     0  libshutdown2.o(.ARM.Collect$$libshutdown$$00000010)
    __rt_lib_shutdown_signal_1               0x080001b7   Thumb Code     0  libshutdown2.o(.ARM.Collect$$libshutdown$$0000000A)
    __rt_lib_shutdown_stdio_1                0x080001b7   Thumb Code     0  libshutdown2.o(.ARM.Collect$$libshutdown$$00000004)
    __rt_lib_shutdown_user_alloc_1           0x080001b7   Thumb Code     0  libshutdown2.o(.ARM.Collect$$libshutdown$$0000000C)
    __rt_entry                               0x080001b9   Thumb Code     0  __rtentry.o(.ARM.Collect$$rtentry$$00000000)
    __rt_entry_presh_1                       0x080001b9   Thumb Code     0  __rtentry2.o(.ARM.Collect$$rtentry$$00000002)
    __rt_entry_sh                            0x080001b9   Thumb Code     0  __rtentry4.o(.ARM.Collect$$rtentry$$00000004)
    __rt_entry_li                            0x080001bf   Thumb Code     0  __rtentry2.o(.ARM.Collect$$rtentry$$0000000A)
    __rt_entry_postsh_1                      0x080001bf   Thumb Code     0  __rtentry2.o(.ARM.Collect$$rtentry$$00000009)
    __rt_entry_main                          0x080001c3   Thumb Code     0  __rtentry2.o(.ARM.Collect$$rtentry$$0000000D)
    __rt_entry_postli_1                      0x080001c3   Thumb Code     0  __rtentry2.o(.ARM.Collect$$rtentry$$0000000C)
    __rt_exit                                0x080001cb   Thumb Code     0  rtexit.o(.ARM.Collect$$rtexit$$00000000)
    __rt_exit_ls                             0x080001cd   Thumb Code     0  rtexit2.o(.ARM.Collect$$rtexit$$00000003)
    __rt_exit_prels_1                        0x080001cd   Thumb Code     0  rtexit2.o(.ARM.Collect$$rtexit$$00000002)
    __rt_exit_exit                           0x080001d1   Thumb Code     0  rtexit2.o(.ARM.Collect$$rtexit$$00000004)
    Reset_Handler                            0x080001d9   Thumb Code     8  startup_stm32f100xb.o(.text)
    ADC1_IRQHandler                          0x080001f3   Thumb Code     0  startup_stm32f100xb.o(.text)
    CEC_IRQHandler                           0x080001f3   Thumb Code     0  startup_stm32f100xb.o(.text)
    DMA1_Channel1_IRQHandler                 0x080001f3   Thumb Code     0  startup_stm32f100xb.o(.text)
    DMA1_Channel2_IRQHandler                 0x080001f3   Thumb Code     0  startup_stm32f100xb.o(.text)
    DMA1_Channel3_IRQHandler                 0x080001f3   Thumb Code     0  startup_stm32f100xb.o(.text)
    DMA1_Channel4_IRQHandler                 0x080001f3   Thumb Code     0  startup_stm32f100xb.o(.text)
    DMA1_Channel6_IRQHandler                 0x080001f3   Thumb Code     0  startup_stm32f100xb.o(.text)
    DMA1_Channel7_IRQHandler                 0x080001f3   Thumb Code     0  startup_stm32f100xb.o(.text)
    EXTI0_IRQHandler                         0x080001f3   Thumb Code     0  startup_stm32f100xb.o(.text)
    EXTI15_10_IRQHandler                     0x080001f3   Thumb Code     0  startup_stm32f100xb.o(.text)
    EXTI1_IRQHandler                         0x080001f3   Thumb Code     0  startup_stm32f100xb.o(.text)
    EXTI2_IRQHandler                         0x080001f3   Thumb Code     0  startup_stm32f100xb.o(.text)
    EXTI3_IRQHandler                         0x080001f3   Thumb Code     0  startup_stm32f100xb.o(.text)
    EXTI4_IRQHandler                         0x080001f3   Thumb Code     0  startup_stm32f100xb.o(.text)
    EXTI9_5_IRQHandler                       0x080001f3   Thumb Code     0  startup_stm32f100xb.o(.text)
    FLASH_IRQHandler                         0x080001f3   Thumb Code     0  startup_stm32f100xb.o(.text)
    I2C1_ER_IRQHandler                       0x080001f3   Thumb Code     0  startup_stm32f100xb.o(.text)
    I2C1_EV_IRQHandler                       0x080001f3   Thumb Code     0  startup_stm32f100xb.o(.text)
    I2C2_ER_IRQHandler                       0x080001f3   Thumb Code     0  startup_stm32f100xb.o(.text)
    I2C2_EV_IRQHandler                       0x080001f3   Thumb Code     0  startup_stm32f100xb.o(.text)
    PVD_IRQHandler                           0x080001f3   Thumb Code     0  startup_stm32f100xb.o(.text)
    RCC_IRQHandler                           0x080001f3   Thumb Code     0  startup_stm32f100xb.o(.text)
    RTC_Alarm_IRQHandler                     0x080001f3   Thumb Code     0  startup_stm32f100xb.o(.text)
    RTC_IRQHandler                           0x080001f3   Thumb Code     0  startup_stm32f100xb.o(.text)
    SPI1_IRQHandler                          0x080001f3   Thumb Code     0  startup_stm32f100xb.o(.text)
    SPI2_IRQHandler                          0x080001f3   Thumb Code     0  startup_stm32f100xb.o(.text)
    TAMPER_IRQHandler                        0x080001f3   Thumb Code     0  startup_stm32f100xb.o(.text)
    TIM1_BRK_TIM15_IRQHandler                0x080001f3   Thumb Code     0  startup_stm32f100xb.o(.text)
    TIM1_CC_IRQHandler                       0x080001f3   Thumb Code     0  startup_stm32f100xb.o(.text)
    TIM1_TRG_COM_TIM17_IRQHandler            0x080001f3   Thumb Code     0  startup_stm32f100xb.o(.text)
    TIM1_UP_TIM16_IRQHandler                 0x080001f3   Thumb Code     0  startup_stm32f100xb.o(.text)
    TIM2_IRQHandler                          0x080001f3   Thumb Code     0  startup_stm32f100xb.o(.text)
    TIM3_IRQHandler                          0x080001f3   Thumb Code     0  startup_stm32f100xb.o(.text)
    TIM4_IRQHandler                          0x080001f3   Thumb Code     0  startup_stm32f100xb.o(.text)
    TIM6_DAC_IRQHandler                      0x080001f3   Thumb Code     0  startup_stm32f100xb.o(.text)
    TIM7_IRQHandler                          0x080001f3   Thumb Code     0  startup_stm32f100xb.o(.text)
    USART2_IRQHandler                        0x080001f3   Thumb Code     0  startup_stm32f100xb.o(.text)
    USART3_IRQHandler                        0x080001f3   Thumb Code     0  startup_stm32f100xb.o(.text)
    WWDG_IRQHandler                          0x080001f3   Thumb Code     0  startup_stm32f100xb.o(.text)
    __user_initial_stackheap                 0x080001f5   Thumb Code     0  startup_stm32f100xb.o(.text)
    __0sscanf                                0x08000219   Thumb Code    52  __0sscanf.o(.text)
    __aeabi_memcpy                           0x08000255   Thumb Code     0  rt_memcpy_v6.o(.text)
    __rt_memcpy                              0x08000255   Thumb Code   138  rt_memcpy_v6.o(.text)
    _memcpy_lastbytes                        0x080002bb   Thumb Code     0  rt_memcpy_v6.o(.text)
    __aeabi_memclr4                          0x080002df   Thumb Code     0  rt_memclr_w.o(.text)
    __aeabi_memclr8                          0x080002df   Thumb Code     0  rt_memclr_w.o(.text)
    __rt_memclr_w                            0x080002df   Thumb Code    78  rt_memclr_w.o(.text)
    _memset_w                                0x080002e3   Thumb Code     0  rt_memclr_w.o(.text)
    __use_two_region_memory                  0x0800032d   Thumb Code     2  heapauxi.o(.text)
    __rt_heap_escrow$2region                 0x0800032f   Thumb Code     2  heapauxi.o(.text)
    __rt_heap_expand$2region                 0x08000331   Thumb Code     2  heapauxi.o(.text)
    _scanf_really_real                       0x08000581   Thumb Code   684  scanf_fp.o(.text)
    __vfscanf_char                           0x08000839   Thumb Code    24  scanf_char.o(.text)
    _sgetc                                   0x08000859   Thumb Code    30  _sgetc.o(.text)
    _sbackspace                              0x08000877   Thumb Code    34  _sgetc.o(.text)
    __aeabi_memcpy4                          0x08000899   Thumb Code     0  rt_memcpy_w.o(.text)
    __aeabi_memcpy8                          0x08000899   Thumb Code     0  rt_memcpy_w.o(.text)
    __rt_memcpy_w                            0x08000899   Thumb Code   100  rt_memcpy_w.o(.text)
    _memcpy_lastbytes_aligned                0x080008e1   Thumb Code     0  rt_memcpy_w.o(.text)
    __rt_locale                              0x080008fd   Thumb Code     8  rt_locale_intlibspace.o(.text)
    __aeabi_errno_addr                       0x08000905   Thumb Code     8  rt_errno_addr_intlibspace.o(.text)
    __errno$intlibspace                      0x08000905   Thumb Code     0  rt_errno_addr_intlibspace.o(.text)
    __rt_errno_addr$intlibspace              0x08000905   Thumb Code     0  rt_errno_addr_intlibspace.o(.text)
    isspace                                  0x0800090d   Thumb Code    18  isspace.o(.text)
    __vfscanf                                0x08000921   Thumb Code   878  _scanf.o(.text)
    _btod_etento                             0x08000c95   Thumb Code   224  bigflt0.o(.text)
    __user_libspace                          0x08000d79   Thumb Code     8  libspace.o(.text)
    __user_perproc_libspace                  0x08000d79   Thumb Code     0  libspace.o(.text)
    __user_perthread_libspace                0x08000d79   Thumb Code     0  libspace.o(.text)
    __user_setup_stackheap                   0x08000d81   Thumb Code    74  sys_stackheap_outer.o(.text)
    __rt_ctype_table                         0x08000dcd   Thumb Code    16  rt_ctype_table.o(.text)
    __read_errno                             0x08000ddd   Thumb Code    10  _rserrno.o(.text)
    __set_errno                              0x08000de7   Thumb Code    12  _rserrno.o(.text)
    _scanf_really_hex_real                   0x08000df5   Thumb Code   786  scanf_hexfp.o(.text)
    _scanf_really_infnan                     0x08001115   Thumb Code   292  scanf_infnan.o(.text)
    exit                                     0x08001249   Thumb Code    18  exit.o(.text)
    strcmp                                   0x0800125d   Thumb Code   128  strcmpv7m.o(.text)
    __aeabi_llsl                             0x080012dd   Thumb Code     0  llshl.o(.text)
    _ll_shift_l                              0x080012dd   Thumb Code    38  llshl.o(.text)
    _chval                                   0x08001303   Thumb Code    28  _chval.o(.text)
    _sys_exit                                0x08001321   Thumb Code     8  sys_exit.o(.text)
    __I$use$semihosting                      0x0800132d   Thumb Code     0  use_no_semi.o(.text)
    __use_no_semihosting_swi                 0x0800132d   Thumb Code     2  use_no_semi.o(.text)
    __btod_div_common                        0x0800132f   Thumb Code   696  btod.o(CL$$btod_div_common)
    __semihosting_library_function           0x0800132f   Thumb Code     0  indicate_semi.o(.text)
    _e2d                                     0x08001669   Thumb Code   122  btod.o(CL$$btod_e2d)
    _e2e                                     0x080016ed   Thumb Code   220  btod.o(CL$$btod_e2e)
    _btod_ediv                               0x080017c9   Thumb Code    42  btod.o(CL$$btod_ediv)
    _btod_edivd                              0x080017f3   Thumb Code    42  btod.o(CL$$btod_edivd)
    _btod_emul                               0x0800181d   Thumb Code    42  btod.o(CL$$btod_emul)
    _btod_emuld                              0x08001847   Thumb Code    42  btod.o(CL$$btod_emuld)
    __btod_mult_common                       0x08001871   Thumb Code   580  btod.o(CL$$btod_mult_common)
    BusFault_Handler                         0x08001ab5   Thumb Code     2  stm32f1xx_it.o(i.BusFault_Handler)
    DMA1_Channel5_IRQHandler                 0x08001ab9   Thumb Code     6  stm32f1xx_it.o(i.DMA1_Channel5_IRQHandler)
    DebugMon_Handler                         0x08001aef   Thumb Code     2  stm32f1xx_it.o(i.DebugMon_Handler)
    Error_Handler                            0x08001af1   Thumb Code     4  main.o(i.Error_Handler)
    HAL_DMA_Abort                            0x08001af5   Thumb Code    70  stm32f1xx_hal_dma.o(i.HAL_DMA_Abort)
    HAL_DMA_Abort_IT                         0x08001b3d   Thumb Code   148  stm32f1xx_hal_dma.o(i.HAL_DMA_Abort_IT)
    HAL_DMA_IRQHandler                       0x08001bd5   Thumb Code   316  stm32f1xx_hal_dma.o(i.HAL_DMA_IRQHandler)
    HAL_DMA_Init                             0x08001d29   Thumb Code    84  stm32f1xx_hal_dma.o(i.HAL_DMA_Init)
    HAL_DMA_Start_IT                         0x08001d85   Thumb Code   112  stm32f1xx_hal_dma.o(i.HAL_DMA_Start_IT)
    HAL_GPIO_Init                            0x08001df5   Thumb Code   446  stm32f1xx_hal_gpio.o(i.HAL_GPIO_Init)
    HAL_GPIO_WritePin                        0x08001fd5   Thumb Code    10  stm32f1xx_hal_gpio.o(i.HAL_GPIO_WritePin)
    HAL_GetTick                              0x08001fe1   Thumb Code     6  stm32f1xx_hal.o(i.HAL_GetTick)
    HAL_IncTick                              0x08001fed   Thumb Code    12  stm32f1xx_hal.o(i.HAL_IncTick)
    HAL_Init                                 0x08001ffd   Thumb Code    22  stm32f1xx_hal.o(i.HAL_Init)
    HAL_InitTick                             0x08002015   Thumb Code    54  stm32f1xx_hal.o(i.HAL_InitTick)
    HAL_MspInit                              0x08002055   Thumb Code    52  stm32f1xx_hal_msp.o(i.HAL_MspInit)
    HAL_NVIC_EnableIRQ                       0x08002091   Thumb Code    26  stm32f1xx_hal_cortex.o(i.HAL_NVIC_EnableIRQ)
    HAL_NVIC_SetPriority                     0x080020ad   Thumb Code    60  stm32f1xx_hal_cortex.o(i.HAL_NVIC_SetPriority)
    HAL_NVIC_SetPriorityGrouping             0x080020ed   Thumb Code    26  stm32f1xx_hal_cortex.o(i.HAL_NVIC_SetPriorityGrouping)
    HAL_RCC_ClockConfig                      0x08002111   Thumb Code   214  stm32f1xx_hal_rcc.o(i.HAL_RCC_ClockConfig)
    HAL_RCC_GetPCLK1Freq                     0x080021f9   Thumb Code    20  stm32f1xx_hal_rcc.o(i.HAL_RCC_GetPCLK1Freq)
    HAL_RCC_GetPCLK2Freq                     0x08002219   Thumb Code    20  stm32f1xx_hal_rcc.o(i.HAL_RCC_GetPCLK2Freq)
    HAL_RCC_GetSysClockFreq                  0x08002239   Thumb Code    80  stm32f1xx_hal_rcc.o(i.HAL_RCC_GetSysClockFreq)
    HAL_RCC_OscConfig                        0x080022b5   Thumb Code   778  stm32f1xx_hal_rcc.o(i.HAL_RCC_OscConfig)
    HAL_SYSTICK_Config                       0x080025d5   Thumb Code    40  stm32f1xx_hal_cortex.o(i.HAL_SYSTICK_Config)
    HAL_TIMEx_MasterConfigSynchronization    0x080025fd   Thumb Code    98  stm32f1xx_hal_tim_ex.o(i.HAL_TIMEx_MasterConfigSynchronization)
    HAL_TIM_Base_Init                        0x08002671   Thumb Code    90  stm32f1xx_hal_tim.o(i.HAL_TIM_Base_Init)
    HAL_TIM_Base_MspInit                     0x080026cd   Thumb Code    30  stm32f1xx_hal_msp.o(i.HAL_TIM_Base_MspInit)
    HAL_TIM_ConfigClockSource                0x080026f1   Thumb Code   214  stm32f1xx_hal_tim.o(i.HAL_TIM_ConfigClockSource)
    HAL_TIM_MspPostInit                      0x080027c9   Thumb Code    62  stm32f1xx_hal_msp.o(i.HAL_TIM_MspPostInit)
    HAL_TIM_PWM_ConfigChannel                0x08002811   Thumb Code   198  stm32f1xx_hal_tim.o(i.HAL_TIM_PWM_ConfigChannel)
    HAL_TIM_PWM_Init                         0x080028d7   Thumb Code    90  stm32f1xx_hal_tim.o(i.HAL_TIM_PWM_Init)
    HAL_TIM_PWM_MspInit                      0x08002931   Thumb Code     2  stm32f1xx_hal_tim.o(i.HAL_TIM_PWM_MspInit)
    HAL_TIM_PWM_Start                        0x08002935   Thumb Code   166  stm32f1xx_hal_tim.o(i.HAL_TIM_PWM_Start)
    HAL_UARTEx_ReceiveToIdle_DMA             0x080029f5   Thumb Code    74  stm32f1xx_hal_uart.o(i.HAL_UARTEx_ReceiveToIdle_DMA)
    HAL_UARTEx_RxEventCallback               0x08002a41   Thumb Code    58  main.o(i.HAL_UARTEx_RxEventCallback)
    HAL_UART_ErrorCallback                   0x08002a89   Thumb Code     2  stm32f1xx_hal_uart.o(i.HAL_UART_ErrorCallback)
    HAL_UART_IRQHandler                      0x08002a8d   Thumb Code   520  stm32f1xx_hal_uart.o(i.HAL_UART_IRQHandler)
    HAL_UART_Init                            0x08002c99   Thumb Code    98  stm32f1xx_hal_uart.o(i.HAL_UART_Init)
    HAL_UART_MspInit                         0x08002cfd   Thumb Code   154  stm32f1xx_hal_msp.o(i.HAL_UART_MspInit)
    HAL_UART_RxCpltCallback                  0x08002dad   Thumb Code     2  stm32f1xx_hal_uart.o(i.HAL_UART_RxCpltCallback)
    HAL_UART_RxHalfCpltCallback              0x08002daf   Thumb Code     2  stm32f1xx_hal_uart.o(i.HAL_UART_RxHalfCpltCallback)
    HAL_UART_TxCpltCallback                  0x08002db1   Thumb Code     2  stm32f1xx_hal_uart.o(i.HAL_UART_TxCpltCallback)
    HardFault_Handler                        0x08002db3   Thumb Code     2  stm32f1xx_it.o(i.HardFault_Handler)
    MemManage_Handler                        0x08002eb9   Thumb Code     2  stm32f1xx_it.o(i.MemManage_Handler)
    NMI_Handler                              0x08002ebb   Thumb Code     2  stm32f1xx_it.o(i.NMI_Handler)
    PendSV_Handler                           0x08002ebd   Thumb Code     2  stm32f1xx_it.o(i.PendSV_Handler)
    SVC_Handler                              0x08002ebf   Thumb Code     2  stm32f1xx_it.o(i.SVC_Handler)
    SysTick_Handler                          0x08002ec1   Thumb Code     4  stm32f1xx_it.o(i.SysTick_Handler)
    SystemClock_Config                       0x08002ec5   Thumb Code    86  main.o(i.SystemClock_Config)
    SystemInit                               0x08002f1b   Thumb Code     2  system_stm32f1xx.o(i.SystemInit)
    TIM_Base_SetConfig                       0x08002f1d   Thumb Code   126  stm32f1xx_hal_tim.o(i.TIM_Base_SetConfig)
    TIM_CCxChannelCmd                        0x08002fb5   Thumb Code    26  stm32f1xx_hal_tim.o(i.TIM_CCxChannelCmd)
    TIM_ETR_SetConfig                        0x08002fcf   Thumb Code    20  stm32f1xx_hal_tim.o(i.TIM_ETR_SetConfig)
    TIM_OC2_SetConfig                        0x08003075   Thumb Code   104  stm32f1xx_hal_tim.o(i.TIM_OC2_SetConfig)
    UART_Start_Receive_DMA                   0x080034f1   Thumb Code    98  stm32f1xx_hal_uart.o(i.UART_Start_Receive_DMA)
    USART1_IRQHandler                        0x08003561   Thumb Code     6  stm32f1xx_it.o(i.USART1_IRQHandler)
    UsageFault_Handler                       0x0800356d   Thumb Code     2  stm32f1xx_it.o(i.UsageFault_Handler)
    __mathlib_dbl_overflow                   0x0800358f   Thumb Code    14  dunder.o(i.__mathlib_dbl_overflow)
    __mathlib_dbl_underflow                  0x0800359d   Thumb Code    10  dunder.o(i.__mathlib_dbl_underflow)
    __mathlib_narrow                         0x080035ad   Thumb Code    16  narrow.o(i.__mathlib_narrow)
    __mathlib_tofloat                        0x080035bd   Thumb Code   184  narrow.o(i.__mathlib_tofloat)
    __support_ldexp                          0x08003679   Thumb Code    22  ldexp.o(i.__support_ldexp)
    _is_digit                                0x0800368f   Thumb Code    14  scanf_fp.o(i._is_digit)
    frexp                                    0x0800369d   Thumb Code    80  frexp.o(i.frexp)
    ldexp                                    0x080036f5   Thumb Code   116  ldexp.o(i.ldexp)
    main                                     0x08003769   Thumb Code   314  main.o(i.main)
    _get_lc_numeric                          0x080038cd   Thumb Code    44  lc_numeric_c.o(locale$$code)
    _get_lc_ctype                            0x080038f9   Thumb Code    44  lc_ctype_c.o(locale$$code)
    __aeabi_d2f                              0x08003925   Thumb Code     0  d2f.o(x$fpl$d2f)
    _d2f                                     0x08003925   Thumb Code    98  d2f.o(x$fpl$d2f)
    __aeabi_dadd                             0x08003989   Thumb Code     0  daddsub_clz.o(x$fpl$dadd)
    _dadd                                    0x08003989   Thumb Code   332  daddsub_clz.o(x$fpl$dadd)
    __fpl_dcheck_NaN1                        0x08003ad9   Thumb Code    10  dcheck1.o(x$fpl$dcheck1)
    __fpl_dcmp_Inf                           0x08003ae9   Thumb Code    24  dcmpi.o(x$fpl$dcmpinf)
    __aeabi_ddiv                             0x08003b01   Thumb Code     0  ddiv.o(x$fpl$ddiv)
    _ddiv                                    0x08003b01   Thumb Code   552  ddiv.o(x$fpl$ddiv)
    __aeabi_cdcmpeq                          0x08003db1   Thumb Code     0  deqf.o(x$fpl$deqf)
    _dcmpeq                                  0x08003db1   Thumb Code   120  deqf.o(x$fpl$deqf)
    __aeabi_d2iz                             0x08003e29   Thumb Code     0  dfix.o(x$fpl$dfix)
    _dfix                                    0x08003e29   Thumb Code    94  dfix.o(x$fpl$dfix)
    __aeabi_d2uiz                            0x08003e89   Thumb Code     0  dfixu.o(x$fpl$dfixu)
    _dfixu                                   0x08003e89   Thumb Code    90  dfixu.o(x$fpl$dfixu)
    __aeabi_i2d                              0x08003ee3   Thumb Code     0  dflt_clz.o(x$fpl$dflt)
    _dflt                                    0x08003ee3   Thumb Code    46  dflt_clz.o(x$fpl$dflt)
    __aeabi_cdcmple                          0x08003f11   Thumb Code     0  dleqf.o(x$fpl$dleqf)
    _dcmple                                  0x08003f11   Thumb Code   120  dleqf.o(x$fpl$dleqf)
    __fpl_dcmple_InfNaN                      0x08003f73   Thumb Code     0  dleqf.o(x$fpl$dleqf)
    __aeabi_dmul                             0x08003f89   Thumb Code     0  dmul.o(x$fpl$dmul)
    _dmul                                    0x08003f89   Thumb Code   332  dmul.o(x$fpl$dmul)
    __fpl_dnaninf                            0x080040dd   Thumb Code   156  dnaninf.o(x$fpl$dnaninf)
    __fpl_dretinf                            0x08004179   Thumb Code    12  dretinf.o(x$fpl$dretinf)
    __aeabi_cdrcmple                         0x08004185   Thumb Code     0  drleqf.o(x$fpl$drleqf)
    _drcmple                                 0x08004185   Thumb Code   108  drleqf.o(x$fpl$drleqf)
    __aeabi_dsub                             0x080041f1   Thumb Code     0  daddsub_clz.o(x$fpl$dsub)
    _dsub                                    0x080041f1   Thumb Code   464  daddsub_clz.o(x$fpl$dsub)
    __fpl_fretinf                            0x080043c5   Thumb Code    10  fretinf.o(x$fpl$fretinf)
    __ieee_status                            0x080043cf   Thumb Code     6  istatus.o(x$fpl$ieeestatus)
    __fpl_return_NaN                         0x080043d5   Thumb Code   100  retnan.o(x$fpl$retnan)
    __ARM_scalbn                             0x08004439   Thumb Code    92  scalbn.o(x$fpl$scalbn)
    _scanf_real                              0x08004495   Thumb Code     4  scanf1.o(x$fpl$scanf1)
    _scanf_hex_real                          0x08004499   Thumb Code     4  scanf2.o(x$fpl$scanf2)
    _scanf_infnan                            0x0800449d   Thumb Code     4  scanf2.o(x$fpl$scanf2)
    __fpl_cmpreturn                          0x080044a1   Thumb Code    48  trapv.o(x$fpl$trapveneer)
    AHBPrescTable                            0x080044d0   Data          16  system_stm32f1xx.o(.constdata)
    __I$use$fp                               0x080044d0   Number         0  usenofp.o(x$fpl$usenofp)
    APBPrescTable                            0x080044e0   Data           8  system_stm32f1xx.o(.constdata)
    Region$$Table$$Base                      0x0800457c   Number         0  anon$$obj.o(Region$$Table)
    Region$$Table$$Limit                     0x0800459c   Number         0  anon$$obj.o(Region$$Table)
    __aeabi_HUGE_VAL                         0x0800459c   Data           0  fpconst.o(c$$dinf)
    __aeabi_HUGE_VALL                        0x0800459c   Data           0  fpconst.o(c$$dinf)
    __aeabi_INFINITY                         0x0800459c   Data           0  fpconst.o(c$$dinf)
    __dInf                                   0x0800459c   Data           0  fpconst.o(c$$dinf)
    __huge_val                               0x0800459c   Data           0  fpconst.o(c$$dinf)
    __dbl_max                                0x080045a4   Data           0  fpconst.o(c$$dmax)
    __ctype                                  0x080045d5   Data           0  lc_ctype_c.o(locale$$data)
    buf_size                                 0x20000000   Data           1  main.o(.data)
    arrFreq                                  0x20000004   Data           4  main.o(.data)
    dt                                       0x20000008   Data           8  main.o(.data)
    ft                                       0x20000010   Data           8  main.o(.data)
    percent                                  0x20000018   Data           8  main.o(.data)
    RxData                                   0x20000020   Data           8  main.o(.data)
    uwTickFreq                               0x20000028   Data           1  stm32f1xx_hal.o(.data)
    uwTickPrio                               0x2000002c   Data           4  stm32f1xx_hal.o(.data)
    uwTick                                   0x20000030   Data           4  stm32f1xx_hal.o(.data)
    SystemCoreClock                          0x20000034   Data           4  system_stm32f1xx.o(.data)
    htim2                                    0x20000038   Data          72  main.o(.bss)
    huart1                                   0x20000080   Data          68  main.o(.bss)
    hdma_usart1_rx                           0x200000c4   Data          68  main.o(.bss)
    RxBuf                                    0x20000108   Data          10  main.o(.bss)
    MainBuf                                  0x20000112   Data          20  main.o(.bss)
    __libspace_start                         0x20000128   Data          96  libspace.o(.bss)
    __temporary_stack_top$libspace           0x20000188   Data           0  libspace.o(.bss)



==============================================================================

Memory Map of the image

  Image Entry point : 0x08000121

  Load Region LR_IROM1 (Base: 0x08000000, Size: 0x00004710, Max: 0x00020000, ABSOLUTE)

    Execution Region ER_IROM1 (Exec base: 0x08000000, Load base: 0x08000000, Size: 0x000046d8, Max: 0x00020000, ABSOLUTE)

    Exec Addr    Load Addr    Size         Type   Attr      Idx    E Section Name        Object

    0x08000000   0x08000000   0x00000120   Data   RO            3    RESET               startup_stm32f100xb.o
    0x08000120   0x08000120   0x00000008   Code   RO         2702  * !!!main             c_w.l(__main.o)
    0x08000128   0x08000128   0x00000034   Code   RO         3030    !!!scatter          c_w.l(__scatter.o)
    0x0800015c   0x0800015c   0x0000001a   Code   RO         3032    !!handler_copy      c_w.l(__scatter_copy.o)
    0x08000176   0x08000176   0x00000002   PAD
    0x08000178   0x08000178   0x0000001c   Code   RO         3034    !!handler_zi        c_w.l(__scatter_zi.o)
    0x08000194   0x08000194   0x00000002   Code   RO         2845    .ARM.Collect$$libinit$$00000000  c_w.l(libinit.o)
    0x08000196   0x08000196   0x00000000   Code   RO         2847    .ARM.Collect$$libinit$$00000002  c_w.l(libinit2.o)
    0x08000196   0x08000196   0x00000000   Code   RO         2849    .ARM.Collect$$libinit$$00000004  c_w.l(libinit2.o)
    0x08000196   0x08000196   0x00000000   Code   RO         2852    .ARM.Collect$$libinit$$0000000A  c_w.l(libinit2.o)
    0x08000196   0x08000196   0x00000000   Code   RO         2854    .ARM.Collect$$libinit$$0000000C  c_w.l(libinit2.o)
    0x08000196   0x08000196   0x00000000   Code   RO         2856    .ARM.Collect$$libinit$$0000000E  c_w.l(libinit2.o)
    0x08000196   0x08000196   0x00000006   Code   RO         2857    .ARM.Collect$$libinit$$0000000F  c_w.l(libinit2.o)
    0x0800019c   0x0800019c   0x00000000   Code   RO         2859    .ARM.Collect$$libinit$$00000011  c_w.l(libinit2.o)
    0x0800019c   0x0800019c   0x0000000c   Code   RO         2860    .ARM.Collect$$libinit$$00000012  c_w.l(libinit2.o)
    0x080001a8   0x080001a8   0x00000000   Code   RO         2861    .ARM.Collect$$libinit$$00000013  c_w.l(libinit2.o)
    0x080001a8   0x080001a8   0x00000000   Code   RO         2863    .ARM.Collect$$libinit$$00000015  c_w.l(libinit2.o)
    0x080001a8   0x080001a8   0x0000000a   Code   RO         2864    .ARM.Collect$$libinit$$00000016  c_w.l(libinit2.o)
    0x080001b2   0x080001b2   0x00000000   Code   RO         2865    .ARM.Collect$$libinit$$00000017  c_w.l(libinit2.o)
    0x080001b2   0x080001b2   0x00000000   Code   RO         2867    .ARM.Collect$$libinit$$00000019  c_w.l(libinit2.o)
    0x080001b2   0x080001b2   0x00000000   Code   RO         2869    .ARM.Collect$$libinit$$0000001B  c_w.l(libinit2.o)
    0x080001b2   0x080001b2   0x00000000   Code   RO         2871    .ARM.Collect$$libinit$$0000001D  c_w.l(libinit2.o)
    0x080001b2   0x080001b2   0x00000000   Code   RO         2873    .ARM.Collect$$libinit$$0000001F  c_w.l(libinit2.o)
    0x080001b2   0x080001b2   0x00000000   Code   RO         2875    .ARM.Collect$$libinit$$00000021  c_w.l(libinit2.o)
    0x080001b2   0x080001b2   0x00000000   Code   RO         2877    .ARM.Collect$$libinit$$00000023  c_w.l(libinit2.o)
    0x080001b2   0x080001b2   0x00000000   Code   RO         2879    .ARM.Collect$$libinit$$00000025  c_w.l(libinit2.o)
    0x080001b2   0x080001b2   0x00000000   Code   RO         2883    .ARM.Collect$$libinit$$0000002C  c_w.l(libinit2.o)
    0x080001b2   0x080001b2   0x00000000   Code   RO         2885    .ARM.Collect$$libinit$$0000002E  c_w.l(libinit2.o)
    0x080001b2   0x080001b2   0x00000000   Code   RO         2887    .ARM.Collect$$libinit$$00000030  c_w.l(libinit2.o)
    0x080001b2   0x080001b2   0x00000000   Code   RO         2889    .ARM.Collect$$libinit$$00000032  c_w.l(libinit2.o)
    0x080001b2   0x080001b2   0x00000002   Code   RO         2890    .ARM.Collect$$libinit$$00000033  c_w.l(libinit2.o)
    0x080001b4   0x080001b4   0x00000002   Code   RO         2974    .ARM.Collect$$libshutdown$$00000000  c_w.l(libshutdown.o)
    0x080001b6   0x080001b6   0x00000000   Code   RO         2987    .ARM.Collect$$libshutdown$$00000002  c_w.l(libshutdown2.o)
    0x080001b6   0x080001b6   0x00000000   Code   RO         2989    .ARM.Collect$$libshutdown$$00000004  c_w.l(libshutdown2.o)
    0x080001b6   0x080001b6   0x00000000   Code   RO         2992    .ARM.Collect$$libshutdown$$00000007  c_w.l(libshutdown2.o)
    0x080001b6   0x080001b6   0x00000000   Code   RO         2995    .ARM.Collect$$libshutdown$$0000000A  c_w.l(libshutdown2.o)
    0x080001b6   0x080001b6   0x00000000   Code   RO         2997    .ARM.Collect$$libshutdown$$0000000C  c_w.l(libshutdown2.o)
    0x080001b6   0x080001b6   0x00000000   Code   RO         3000    .ARM.Collect$$libshutdown$$0000000F  c_w.l(libshutdown2.o)
    0x080001b6   0x080001b6   0x00000002   Code   RO         3001    .ARM.Collect$$libshutdown$$00000010  c_w.l(libshutdown2.o)
    0x080001b8   0x080001b8   0x00000000   Code   RO         2732    .ARM.Collect$$rtentry$$00000000  c_w.l(__rtentry.o)
    0x080001b8   0x080001b8   0x00000000   Code   RO         2749    .ARM.Collect$$rtentry$$00000002  c_w.l(__rtentry2.o)
    0x080001b8   0x080001b8   0x00000006   Code   RO         2761    .ARM.Collect$$rtentry$$00000004  c_w.l(__rtentry4.o)
    0x080001be   0x080001be   0x00000000   Code   RO         2751    .ARM.Collect$$rtentry$$00000009  c_w.l(__rtentry2.o)
    0x080001be   0x080001be   0x00000004   Code   RO         2752    .ARM.Collect$$rtentry$$0000000A  c_w.l(__rtentry2.o)
    0x080001c2   0x080001c2   0x00000000   Code   RO         2754    .ARM.Collect$$rtentry$$0000000C  c_w.l(__rtentry2.o)
    0x080001c2   0x080001c2   0x00000008   Code   RO         2755    .ARM.Collect$$rtentry$$0000000D  c_w.l(__rtentry2.o)
    0x080001ca   0x080001ca   0x00000002   Code   RO         2901    .ARM.Collect$$rtexit$$00000000  c_w.l(rtexit.o)
    0x080001cc   0x080001cc   0x00000000   Code   RO         2935    .ARM.Collect$$rtexit$$00000002  c_w.l(rtexit2.o)
    0x080001cc   0x080001cc   0x00000004   Code   RO         2936    .ARM.Collect$$rtexit$$00000003  c_w.l(rtexit2.o)
    0x080001d0   0x080001d0   0x00000006   Code   RO         2937    .ARM.Collect$$rtexit$$00000004  c_w.l(rtexit2.o)
    0x080001d6   0x080001d6   0x00000002   PAD
    0x080001d8   0x080001d8   0x00000040   Code   RO            4    .text               startup_stm32f100xb.o
    0x08000218   0x08000218   0x0000003c   Code   RO         2694    .text               c_w.l(__0sscanf.o)
    0x08000254   0x08000254   0x0000008a   Code   RO         2696    .text               c_w.l(rt_memcpy_v6.o)
    0x080002de   0x080002de   0x0000004e   Code   RO         2698    .text               c_w.l(rt_memclr_w.o)
    0x0800032c   0x0800032c   0x00000006   Code   RO         2700    .text               c_w.l(heapauxi.o)
    0x08000332   0x08000332   0x00000002   PAD
    0x08000334   0x08000334   0x000004f8   Code   RO         2733    .text               c_w.l(scanf_fp.o)
    0x0800082c   0x0800082c   0x0000002c   Code   RO         2737    .text               c_w.l(scanf_char.o)
    0x08000858   0x08000858   0x00000040   Code   RO         2739    .text               c_w.l(_sgetc.o)
    0x08000898   0x08000898   0x00000064   Code   RO         2741    .text               c_w.l(rt_memcpy_w.o)
    0x080008fc   0x080008fc   0x00000008   Code   RO         2766    .text               c_w.l(rt_locale_intlibspace.o)
    0x08000904   0x08000904   0x00000008   Code   RO         2771    .text               c_w.l(rt_errno_addr_intlibspace.o)
    0x0800090c   0x0800090c   0x00000012   Code   RO         2773    .text               c_w.l(isspace.o)
    0x0800091e   0x0800091e   0x00000002   PAD
    0x08000920   0x08000920   0x00000374   Code   RO         2775    .text               c_w.l(_scanf.o)
    0x08000c94   0x08000c94   0x000000e4   Code   RO         2777    .text               c_w.l(bigflt0.o)
    0x08000d78   0x08000d78   0x00000008   Code   RO         2823    .text               c_w.l(libspace.o)
    0x08000d80   0x08000d80   0x0000004a   Code   RO         2826    .text               c_w.l(sys_stackheap_outer.o)
    0x08000dca   0x08000dca   0x00000002   PAD
    0x08000dcc   0x08000dcc   0x00000010   Code   RO         2828    .text               c_w.l(rt_ctype_table.o)
    0x08000ddc   0x08000ddc   0x00000016   Code   RO         2830    .text               c_w.l(_rserrno.o)
    0x08000df2   0x08000df2   0x00000002   PAD
    0x08000df4   0x08000df4   0x00000320   Code   RO         2832    .text               c_w.l(scanf_hexfp.o)
    0x08001114   0x08001114   0x00000134   Code   RO         2834    .text               c_w.l(scanf_infnan.o)
    0x08001248   0x08001248   0x00000012   Code   RO         2836    .text               c_w.l(exit.o)
    0x0800125a   0x0800125a   0x00000002   PAD
    0x0800125c   0x0800125c   0x00000080   Code   RO         2838    .text               c_w.l(strcmpv7m.o)
    0x080012dc   0x080012dc   0x00000026   Code   RO         2903    .text               c_w.l(llshl.o)
    0x08001302   0x08001302   0x0000001c   Code   RO         2905    .text               c_w.l(_chval.o)
    0x0800131e   0x0800131e   0x00000002   PAD
    0x08001320   0x08001320   0x0000000c   Code   RO         2964    .text               c_w.l(sys_exit.o)
    0x0800132c   0x0800132c   0x00000002   Code   RO         2977    .text               c_w.l(use_no_semi.o)
    0x0800132e   0x0800132e   0x00000000   Code   RO         2979    .text               c_w.l(indicate_semi.o)
    0x0800132e   0x0800132e   0x00000338   Code   RO         2790    CL$$btod_div_common  c_w.l(btod.o)
    0x08001666   0x08001666   0x00000002   PAD
    0x08001668   0x08001668   0x00000084   Code   RO         2788    CL$$btod_e2d        c_w.l(btod.o)
    0x080016ec   0x080016ec   0x000000dc   Code   RO         2787    CL$$btod_e2e        c_w.l(btod.o)
    0x080017c8   0x080017c8   0x0000002a   Code   RO         2784    CL$$btod_ediv       c_w.l(btod.o)
    0x080017f2   0x080017f2   0x0000002a   Code   RO         2786    CL$$btod_edivd      c_w.l(btod.o)
    0x0800181c   0x0800181c   0x0000002a   Code   RO         2783    CL$$btod_emul       c_w.l(btod.o)
    0x08001846   0x08001846   0x0000002a   Code   RO         2785    CL$$btod_emuld      c_w.l(btod.o)
    0x08001870   0x08001870   0x00000244   Code   RO         2789    CL$$btod_mult_common  c_w.l(btod.o)
    0x08001ab4   0x08001ab4   0x00000002   Code   RO          171    i.BusFault_Handler  stm32f1xx_it.o
    0x08001ab6   0x08001ab6   0x00000002   PAD
    0x08001ab8   0x08001ab8   0x0000000c   Code   RO          172    i.DMA1_Channel5_IRQHandler  stm32f1xx_it.o
    0x08001ac4   0x08001ac4   0x0000002a   Code   RO         1701    i.DMA_SetConfig     stm32f1xx_hal_dma.o
    0x08001aee   0x08001aee   0x00000002   Code   RO          173    i.DebugMon_Handler  stm32f1xx_it.o
    0x08001af0   0x08001af0   0x00000004   Code   RO           13    i.Error_Handler     main.o
    0x08001af4   0x08001af4   0x00000046   Code   RO         1702    i.HAL_DMA_Abort     stm32f1xx_hal_dma.o
    0x08001b3a   0x08001b3a   0x00000002   PAD
    0x08001b3c   0x08001b3c   0x00000098   Code   RO         1703    i.HAL_DMA_Abort_IT  stm32f1xx_hal_dma.o
    0x08001bd4   0x08001bd4   0x00000154   Code   RO         1707    i.HAL_DMA_IRQHandler  stm32f1xx_hal_dma.o
    0x08001d28   0x08001d28   0x0000005c   Code   RO         1708    i.HAL_DMA_Init      stm32f1xx_hal_dma.o
    0x08001d84   0x08001d84   0x00000070   Code   RO         1712    i.HAL_DMA_Start_IT  stm32f1xx_hal_dma.o
    0x08001df4   0x08001df4   0x000001e0   Code   RO         1638    i.HAL_GPIO_Init     stm32f1xx_hal_gpio.o
    0x08001fd4   0x08001fd4   0x0000000a   Code   RO         1642    i.HAL_GPIO_WritePin  stm32f1xx_hal_gpio.o
    0x08001fde   0x08001fde   0x00000002   PAD
    0x08001fe0   0x08001fe0   0x0000000c   Code   RO         1334    i.HAL_GetTick       stm32f1xx_hal.o
    0x08001fec   0x08001fec   0x00000010   Code   RO         1340    i.HAL_IncTick       stm32f1xx_hal.o
    0x08001ffc   0x08001ffc   0x00000016   Code   RO         1341    i.HAL_Init          stm32f1xx_hal.o
    0x08002012   0x08002012   0x00000002   PAD
    0x08002014   0x08002014   0x00000040   Code   RO         1342    i.HAL_InitTick      stm32f1xx_hal.o
    0x08002054   0x08002054   0x0000003c   Code   RO          259    i.HAL_MspInit       stm32f1xx_hal_msp.o
    0x08002090   0x08002090   0x0000001a   Code   RO         1798    i.HAL_NVIC_EnableIRQ  stm32f1xx_hal_cortex.o
    0x080020aa   0x080020aa   0x00000002   PAD
    0x080020ac   0x080020ac   0x00000040   Code   RO         1804    i.HAL_NVIC_SetPriority  stm32f1xx_hal_cortex.o
    0x080020ec   0x080020ec   0x00000024   Code   RO         1805    i.HAL_NVIC_SetPriorityGrouping  stm32f1xx_hal_cortex.o
    0x08002110   0x08002110   0x000000e8   Code   RO         1498    i.HAL_RCC_ClockConfig  stm32f1xx_hal_rcc.o
    0x080021f8   0x080021f8   0x00000020   Code   RO         1505    i.HAL_RCC_GetPCLK1Freq  stm32f1xx_hal_rcc.o
    0x08002218   0x08002218   0x00000020   Code   RO         1506    i.HAL_RCC_GetPCLK2Freq  stm32f1xx_hal_rcc.o
    0x08002238   0x08002238   0x0000007c   Code   RO         1507    i.HAL_RCC_GetSysClockFreq  stm32f1xx_hal_rcc.o
    0x080022b4   0x080022b4   0x00000320   Code   RO         1510    i.HAL_RCC_OscConfig  stm32f1xx_hal_rcc.o
    0x080025d4   0x080025d4   0x00000028   Code   RO         1809    i.HAL_SYSTICK_Config  stm32f1xx_hal_cortex.o
    0x080025fc   0x080025fc   0x00000074   Code   RO         1075    i.HAL_TIMEx_MasterConfigSynchronization  stm32f1xx_hal_tim_ex.o
    0x08002670   0x08002670   0x0000005a   Code   RO          352    i.HAL_TIM_Base_Init  stm32f1xx_hal_tim.o
    0x080026ca   0x080026ca   0x00000002   PAD
    0x080026cc   0x080026cc   0x00000024   Code   RO          261    i.HAL_TIM_Base_MspInit  stm32f1xx_hal_msp.o
    0x080026f0   0x080026f0   0x000000d6   Code   RO          361    i.HAL_TIM_ConfigClockSource  stm32f1xx_hal_tim.o
    0x080027c6   0x080027c6   0x00000002   PAD
    0x080027c8   0x080027c8   0x00000048   Code   RO          262    i.HAL_TIM_MspPostInit  stm32f1xx_hal_msp.o
    0x08002810   0x08002810   0x000000c6   Code   RO          424    i.HAL_TIM_PWM_ConfigChannel  stm32f1xx_hal_tim.o
    0x080028d6   0x080028d6   0x0000005a   Code   RO          427    i.HAL_TIM_PWM_Init  stm32f1xx_hal_tim.o
    0x08002930   0x08002930   0x00000002   Code   RO          429    i.HAL_TIM_PWM_MspInit  stm32f1xx_hal_tim.o
    0x08002932   0x08002932   0x00000002   PAD
    0x08002934   0x08002934   0x000000c0   Code   RO          432    i.HAL_TIM_PWM_Start  stm32f1xx_hal_tim.o
    0x080029f4   0x080029f4   0x0000004a   Code   RO         2307    i.HAL_UARTEx_ReceiveToIdle_DMA  stm32f1xx_hal_uart.o
    0x08002a3e   0x08002a3e   0x00000002   PAD
    0x08002a40   0x08002a40   0x00000048   Code   RO           14    i.HAL_UARTEx_RxEventCallback  main.o
    0x08002a88   0x08002a88   0x00000002   Code   RO         2323    i.HAL_UART_ErrorCallback  stm32f1xx_hal_uart.o
    0x08002a8a   0x08002a8a   0x00000002   PAD
    0x08002a8c   0x08002a8c   0x0000020c   Code   RO         2326    i.HAL_UART_IRQHandler  stm32f1xx_hal_uart.o
    0x08002c98   0x08002c98   0x00000062   Code   RO         2327    i.HAL_UART_Init     stm32f1xx_hal_uart.o
    0x08002cfa   0x08002cfa   0x00000002   PAD
    0x08002cfc   0x08002cfc   0x000000b0   Code   RO          264    i.HAL_UART_MspInit  stm32f1xx_hal_msp.o
    0x08002dac   0x08002dac   0x00000002   Code   RO         2333    i.HAL_UART_RxCpltCallback  stm32f1xx_hal_uart.o
    0x08002dae   0x08002dae   0x00000002   Code   RO         2334    i.HAL_UART_RxHalfCpltCallback  stm32f1xx_hal_uart.o
    0x08002db0   0x08002db0   0x00000002   Code   RO         2338    i.HAL_UART_TxCpltCallback  stm32f1xx_hal_uart.o
    0x08002db2   0x08002db2   0x00000002   Code   RO          174    i.HardFault_Handler  stm32f1xx_it.o
    0x08002db4   0x08002db4   0x0000006c   Code   RO           15    i.MX_GPIO_Init      main.o
    0x08002e20   0x08002e20   0x00000098   Code   RO           16    i.MX_TIM2_Init      main.o
    0x08002eb8   0x08002eb8   0x00000002   Code   RO          175    i.MemManage_Handler  stm32f1xx_it.o
    0x08002eba   0x08002eba   0x00000002   Code   RO          176    i.NMI_Handler       stm32f1xx_it.o
    0x08002ebc   0x08002ebc   0x00000002   Code   RO          177    i.PendSV_Handler    stm32f1xx_it.o
    0x08002ebe   0x08002ebe   0x00000002   Code   RO          178    i.SVC_Handler       stm32f1xx_it.o
    0x08002ec0   0x08002ec0   0x00000004   Code   RO          179    i.SysTick_Handler   stm32f1xx_it.o
    0x08002ec4   0x08002ec4   0x00000056   Code   RO           17    i.SystemClock_Config  main.o
    0x08002f1a   0x08002f1a   0x00000002   Code   RO         2656    i.SystemInit        system_stm32f1xx.o
    0x08002f1c   0x08002f1c   0x00000098   Code   RO          445    i.TIM_Base_SetConfig  stm32f1xx_hal_tim.o
    0x08002fb4   0x08002fb4   0x0000001a   Code   RO          446    i.TIM_CCxChannelCmd  stm32f1xx_hal_tim.o
    0x08002fce   0x08002fce   0x00000014   Code   RO          456    i.TIM_ETR_SetConfig  stm32f1xx_hal_tim.o
    0x08002fe2   0x08002fe2   0x00000010   Code   RO          457    i.TIM_ITRx_SetConfig  stm32f1xx_hal_tim.o
    0x08002ff2   0x08002ff2   0x00000002   PAD
    0x08002ff4   0x08002ff4   0x00000080   Code   RO          458    i.TIM_OC1_SetConfig  stm32f1xx_hal_tim.o
    0x08003074   0x08003074   0x00000078   Code   RO          459    i.TIM_OC2_SetConfig  stm32f1xx_hal_tim.o
    0x080030ec   0x080030ec   0x00000078   Code   RO          460    i.TIM_OC3_SetConfig  stm32f1xx_hal_tim.o
    0x08003164   0x08003164   0x00000064   Code   RO          461    i.TIM_OC4_SetConfig  stm32f1xx_hal_tim.o
    0x080031c8   0x080031c8   0x00000022   Code   RO          463    i.TIM_TI1_ConfigInputStage  stm32f1xx_hal_tim.o
    0x080031ea   0x080031ea   0x00000024   Code   RO          465    i.TIM_TI2_ConfigInputStage  stm32f1xx_hal_tim.o
    0x0800320e   0x0800320e   0x00000010   Code   RO         2340    i.UART_DMAAbortOnError  stm32f1xx_hal_uart.o
    0x0800321e   0x0800321e   0x0000004a   Code   RO         2341    i.UART_DMAError     stm32f1xx_hal_uart.o
    0x08003268   0x08003268   0x0000005a   Code   RO         2342    i.UART_DMAReceiveCplt  stm32f1xx_hal_uart.o
    0x080032c2   0x080032c2   0x0000001a   Code   RO         2344    i.UART_DMARxHalfCplt  stm32f1xx_hal_uart.o
    0x080032dc   0x080032dc   0x00000030   Code   RO         2350    i.UART_EndRxTransfer  stm32f1xx_hal_uart.o
    0x0800330c   0x0800330c   0x00000012   Code   RO         2351    i.UART_EndTxTransfer  stm32f1xx_hal_uart.o
    0x0800331e   0x0800331e   0x000000b6   Code   RO         2352    i.UART_Receive_IT   stm32f1xx_hal_uart.o
    0x080033d4   0x080033d4   0x0000011c   Code   RO         2353    i.UART_SetConfig    stm32f1xx_hal_uart.o
    0x080034f0   0x080034f0   0x00000070   Code   RO         2354    i.UART_Start_Receive_DMA  stm32f1xx_hal_uart.o
    0x08003560   0x08003560   0x0000000c   Code   RO          180    i.USART1_IRQHandler  stm32f1xx_it.o
    0x0800356c   0x0800356c   0x00000002   Code   RO          181    i.UsageFault_Handler  stm32f1xx_it.o
    0x0800356e   0x0800356e   0x00000020   Code   RO         1811    i.__NVIC_SetPriority  stm32f1xx_hal_cortex.o
    0x0800358e   0x0800358e   0x0000000e   Code   RO         2951    i.__mathlib_dbl_overflow  m_ws.l(dunder.o)
    0x0800359c   0x0800359c   0x00000010   Code   RO         2953    i.__mathlib_dbl_underflow  m_ws.l(dunder.o)
    0x080035ac   0x080035ac   0x00000010   Code   RO         2817    i.__mathlib_narrow  m_ws.l(narrow.o)
    0x080035bc   0x080035bc   0x000000bc   Code   RO         2818    i.__mathlib_tofloat  m_ws.l(narrow.o)
    0x08003678   0x08003678   0x00000016   Code   RO         2923    i.__support_ldexp   m_ws.l(ldexp.o)
    0x0800368e   0x0800368e   0x0000000e   Code   RO         2735    i._is_digit         c_w.l(scanf_fp.o)
    0x0800369c   0x0800369c   0x00000058   Code   RO         2898    i.frexp             m_ws.l(frexp.o)
    0x080036f4   0x080036f4   0x00000074   Code   RO         2924    i.ldexp             m_ws.l(ldexp.o)
    0x08003768   0x08003768   0x00000164   Code   RO           18    i.main              main.o
    0x080038cc   0x080038cc   0x0000002c   Code   RO         2803    locale$$code        c_w.l(lc_numeric_c.o)
    0x080038f8   0x080038f8   0x0000002c   Code   RO         2908    locale$$code        c_w.l(lc_ctype_c.o)
    0x08003924   0x08003924   0x00000062   Code   RO         2891    x$fpl$d2f           fz_ws.l(d2f.o)
    0x08003986   0x08003986   0x00000002   PAD
    0x08003988   0x08003988   0x00000150   Code   RO         2704    x$fpl$dadd          fz_ws.l(daddsub_clz.o)
    0x08003ad8   0x08003ad8   0x00000010   Code   RO         2945    x$fpl$dcheck1       fz_ws.l(dcheck1.o)
    0x08003ae8   0x08003ae8   0x00000018   Code   RO         2912    x$fpl$dcmpinf       fz_ws.l(dcmpi.o)
    0x08003b00   0x08003b00   0x000002b0   Code   RO         2711    x$fpl$ddiv          fz_ws.l(ddiv.o)
    0x08003db0   0x08003db0   0x00000078   Code   RO         2893    x$fpl$deqf          fz_ws.l(deqf.o)
    0x08003e28   0x08003e28   0x0000005e   Code   RO         2714    x$fpl$dfix          fz_ws.l(dfix.o)
    0x08003e86   0x08003e86   0x00000002   PAD
    0x08003e88   0x08003e88   0x0000005a   Code   RO         2718    x$fpl$dfixu         fz_ws.l(dfixu.o)
    0x08003ee2   0x08003ee2   0x0000002e   Code   RO         2723    x$fpl$dflt          fz_ws.l(dflt_clz.o)
    0x08003f10   0x08003f10   0x00000078   Code   RO         2914    x$fpl$dleqf         fz_ws.l(dleqf.o)
    0x08003f88   0x08003f88   0x00000154   Code   RO         2728    x$fpl$dmul          fz_ws.l(dmul.o)
    0x080040dc   0x080040dc   0x0000009c   Code   RO         2743    x$fpl$dnaninf       fz_ws.l(dnaninf.o)
    0x08004178   0x08004178   0x0000000c   Code   RO         2745    x$fpl$dretinf       fz_ws.l(dretinf.o)
    0x08004184   0x08004184   0x0000006c   Code   RO         2895    x$fpl$drleqf        fz_ws.l(drleqf.o)
    0x080041f0   0x080041f0   0x000001d4   Code   RO         2706    x$fpl$dsub          fz_ws.l(daddsub_clz.o)
    0x080043c4   0x080043c4   0x0000000a   Code   RO         2918    x$fpl$fretinf       fz_ws.l(fretinf.o)
    0x080043ce   0x080043ce   0x00000006   Code   RO         2809    x$fpl$ieeestatus    fz_ws.l(istatus.o)
    0x080043d4   0x080043d4   0x00000064   Code   RO         2975    x$fpl$retnan        fz_ws.l(retnan.o)
    0x08004438   0x08004438   0x0000005c   Code   RO         2920    x$fpl$scalbn        fz_ws.l(scalbn.o)
    0x08004494   0x08004494   0x00000004   Code   RO         2730    x$fpl$scanf1        fz_ws.l(scanf1.o)
    0x08004498   0x08004498   0x00000008   Code   RO         2811    x$fpl$scanf2        fz_ws.l(scanf2.o)
    0x080044a0   0x080044a0   0x00000030   Code   RO         3002    x$fpl$trapveneer    fz_ws.l(trapv.o)
    0x080044d0   0x080044d0   0x00000000   Code   RO         2747    x$fpl$usenofp       fz_ws.l(usenofp.o)
    0x080044d0   0x080044d0   0x00000010   Data   RO         2657    .constdata          system_stm32f1xx.o
    0x080044e0   0x080044e0   0x00000008   Data   RO         2658    .constdata          system_stm32f1xx.o
    0x080044e8   0x080044e8   0x00000094   Data   RO         2778    .constdata          c_w.l(bigflt0.o)
    0x0800457c   0x0800457c   0x00000020   Data   RO         3028    Region$$Table       anon$$obj.o
    0x0800459c   0x0800459c   0x00000008   Data   RO         2805    c$$dinf             fz_ws.l(fpconst.o)
    0x080045a4   0x080045a4   0x00000008   Data   RO         2808    c$$dmax             fz_ws.l(fpconst.o)
    0x080045ac   0x080045ac   0x0000001c   Data   RO         2802    locale$$data        c_w.l(lc_numeric_c.o)
    0x080045c8   0x080045c8   0x00000110   Data   RO         2907    locale$$data        c_w.l(lc_ctype_c.o)


    Execution Region RW_IRAM1 (Exec base: 0x20000000, Load base: 0x080046d8, Size: 0x00000788, Max: 0x00002000, ABSOLUTE)

    Exec Addr    Load Addr    Size         Type   Attr      Idx    E Section Name        Object

    0x20000000   0x080046d8   0x00000028   Data   RW           20    .data               main.o
    0x20000028   0x08004700   0x0000000c   Data   RW         1348    .data               stm32f1xx_hal.o
    0x20000034   0x0800470c   0x00000004   Data   RW         2659    .data               system_stm32f1xx.o
    0x20000038        -       0x000000ee   Zero   RW           19    .bss                main.o
    0x20000126   0x08004710   0x00000002   PAD
    0x20000128        -       0x00000060   Zero   RW         2824    .bss                c_w.l(libspace.o)
    0x20000188        -       0x00000200   Zero   RW            2    HEAP                startup_stm32f100xb.o
    0x20000388        -       0x00000400   Zero   RW            1    STACK               startup_stm32f100xb.o


==============================================================================

Image component sizes


      Code (inc. data)   RO Data    RW Data    ZI Data      Debug   Object Name

       778         70          0         40        238     283076   main.o
        64         26        288          0       1536        780   startup_stm32f100xb.o
       114         20          0         12          0       5401   stm32f1xx_hal.o
       198         14          0          0          0      28767   stm32f1xx_hal_cortex.o
       808         36          0          0          0       4782   stm32f1xx_hal_dma.o
       490         34          0          0          0       2800   stm32f1xx_hal_gpio.o
       344         46          0          0          0       2747   stm32f1xx_hal_msp.o
      1220        108          0          0          0       4932   stm32f1xx_hal_rcc.o
      1538        120          0          0          0      11896   stm32f1xx_hal_tim.o
       116         18          0          0          0       1268   stm32f1xx_hal_tim_ex.o
      1554         24          0          0          0      11125   stm32f1xx_hal_uart.o
        44         12          0          0          0       4437   stm32f1xx_it.o
         2          0         24          4          0       1031   system_stm32f1xx.o

    ----------------------------------------------------------------------
      7294        528        344         56       1776     363042   Object Totals
         0          0         32          0          0          0   (incl. Generated)
        24          0          0          0          2          0   (incl. Padding)

    ----------------------------------------------------------------------

      Code (inc. data)   RO Data    RW Data    ZI Data      Debug   Library Member Name

        60          8          0          0          0         84   __0sscanf.o
         8          0          0          0          0         68   __main.o
         0          0          0          0          0          0   __rtentry.o
        12          0          0          0          0          0   __rtentry2.o
         6          0          0          0          0          0   __rtentry4.o
        52          8          0          0          0          0   __scatter.o
        26          0          0          0          0          0   __scatter_copy.o
        28          0          0          0          0          0   __scatter_zi.o
        28          0          0          0          0         68   _chval.o
        22          0          0          0          0        100   _rserrno.o
       884          6          0          0          0        100   _scanf.o
        64          0          0          0          0         84   _sgetc.o
       228          4        148          0          0         96   bigflt0.o
      1924        136          0          0          0        756   btod.o
        18          0          0          0          0         80   exit.o
         6          0          0          0          0        152   heapauxi.o
         0          0          0          0          0          0   indicate_semi.o
        18          0          0          0          0         76   isspace.o
        44         10        272          0          0         76   lc_ctype_c.o
        44         10         28          0          0         76   lc_numeric_c.o
         2          0          0          0          0          0   libinit.o
        30          0          0          0          0          0   libinit2.o
         2          0          0          0          0          0   libshutdown.o
         2          0          0          0          0          0   libshutdown2.o
         8          4          0          0         96         68   libspace.o
        38          0          0          0          0         68   llshl.o
        16          4          0          0          0         76   rt_ctype_table.o
         8          4          0          0          0         68   rt_errno_addr_intlibspace.o
         8          4          0          0          0         68   rt_locale_intlibspace.o
        78          0          0          0          0         80   rt_memclr_w.o
       138          0          0          0          0         68   rt_memcpy_v6.o
       100          0          0          0          0         80   rt_memcpy_w.o
         2          0          0          0          0          0   rtexit.o
        10          0          0          0          0          0   rtexit2.o
        44          8          0          0          0         84   scanf_char.o
      1286         16          0          0          0        236   scanf_fp.o
       800         14          0          0          0        100   scanf_hexfp.o
       308         16          0          0          0        100   scanf_infnan.o
       128          0          0          0          0         68   strcmpv7m.o
        12          4          0          0          0         68   sys_exit.o
        74          0          0          0          0         80   sys_stackheap_outer.o
         2          0          0          0          0         68   use_no_semi.o
        98          4          0          0          0         92   d2f.o
       804         16          0          0          0        272   daddsub_clz.o
        16          4          0          0          0         68   dcheck1.o
        24          0          0          0          0         68   dcmpi.o
       688        140          0          0          0        208   ddiv.o
       120          4          0          0          0         92   deqf.o
        94          4          0          0          0         92   dfix.o
        90          4          0          0          0         92   dfixu.o
        46          0          0          0          0         68   dflt_clz.o
       120          4          0          0          0         92   dleqf.o
       340         12          0          0          0        104   dmul.o
       156          4          0          0          0         92   dnaninf.o
        12          0          0          0          0         68   dretinf.o
       108          0          0          0          0         80   drleqf.o
         0          0         16          0          0          0   fpconst.o
        10          0          0          0          0         68   fretinf.o
         6          0          0          0          0         68   istatus.o
       100          0          0          0          0         68   retnan.o
        92          0          0          0          0         68   scalbn.o
         4          0          0          0          0         68   scanf1.o
         8          0          0          0          0         84   scanf2.o
        48          0          0          0          0         68   trapv.o
         0          0          0          0          0          0   usenofp.o
        30          6          0          0          0        136   dunder.o
        88          8          0          0          0         76   frexp.o
       138          0          0          0          0        160   ldexp.o
       204          4          0          0          0        168   narrow.o

    ----------------------------------------------------------------------
     10034        472        464          0         96       5716   Library Totals
        22          2          0          0          0          0   (incl. Padding)

    ----------------------------------------------------------------------

      Code (inc. data)   RO Data    RW Data    ZI Data      Debug   Library Name

      6568        256        448          0         96       3196   c_w.l
      2984        196         16          0          0       1980   fz_ws.l
       460         18          0          0          0        540   m_ws.l

    ----------------------------------------------------------------------
     10034        472        464          0         96       5716   Library Totals

    ----------------------------------------------------------------------

==============================================================================


      Code (inc. data)   RO Data    RW Data    ZI Data      Debug   

     17328       1000        808         56       1872     361734   Grand Totals
     17328       1000        808         56       1872     361734   ELF Image Totals
     17328       1000        808         56          0          0   ROM Totals

==============================================================================

    Total RO  Size (Code + RO Data)                18136 (  17.71kB)
    Total RW  Size (RW Data + ZI Data)              1928 (   1.88kB)
    Total ROM Size (Code + RO Data + RW Data)      18192 (  17.77kB)

==============================================================================

